Archive member included to satisfy reference by file (symbol)

c:/program files (x86)/atollic/truestudio for stm32 9.3.0/armtools/bin/../lib/gcc/arm-atollic-eabi/6.3.1/../../../../arm-atollic-eabi/lib/armv7e-m/fpu\libc.a(lib_a-init.o)
                              src\startup_stm32f40xx.o (__libc_init_array)
c:/program files (x86)/atollic/truestudio for stm32 9.3.0/armtools/bin/../lib/gcc/arm-atollic-eabi/6.3.1/../../../../arm-atollic-eabi/lib/armv7e-m/fpu\libc.a(lib_a-memcpy-stub.o)
                              user\os_debug\RTT\SEGGER_RTT.o (memcpy)
c:/program files (x86)/atollic/truestudio for stm32 9.3.0/armtools/bin/../lib/gcc/arm-atollic-eabi/6.3.1/../../../../arm-atollic-eabi/lib/armv7e-m/fpu\libc.a(lib_a-memmove.o)
                              user\app_cli\app_shell.o (memmove)
c:/program files (x86)/atollic/truestudio for stm32 9.3.0/armtools/bin/../lib/gcc/arm-atollic-eabi/6.3.1/../../../../arm-atollic-eabi/lib/armv7e-m/fpu\libc.a(lib_a-memset.o)
                              user\app_cli\app_shell.o (memset)
c:/program files (x86)/atollic/truestudio for stm32 9.3.0/armtools/bin/../lib/gcc/arm-atollic-eabi/6.3.1/../../../../arm-atollic-eabi/lib/armv7e-m/fpu\libc.a(lib_a-strlen.o)
                              src\tiny_printf.o (strlen)
c:/program files (x86)/atollic/truestudio for stm32 9.3.0/armtools/bin/../lib/gcc/arm-atollic-eabi/6.3.1/../../../../arm-atollic-eabi/lib/armv7e-m/fpu\libc.a(lib_a-vsnprintf.o)
                              user\os_debug\app_debug.o (vsnprintf)
c:/program files (x86)/atollic/truestudio for stm32 9.3.0/armtools/bin/../lib/gcc/arm-atollic-eabi/6.3.1/../../../../arm-atollic-eabi/lib/armv7e-m/fpu\libc.a(lib_a-impure.o)
                              c:/program files (x86)/atollic/truestudio for stm32 9.3.0/armtools/bin/../lib/gcc/arm-atollic-eabi/6.3.1/../../../../arm-atollic-eabi/lib/armv7e-m/fpu\libc.a(lib_a-vsnprintf.o) (_impure_ptr)
c:/program files (x86)/atollic/truestudio for stm32 9.3.0/armtools/bin/../lib/gcc/arm-atollic-eabi/6.3.1/../../../../arm-atollic-eabi/lib/armv7e-m/fpu\libc.a(lib_a-svfprintf.o)
                              c:/program files (x86)/atollic/truestudio for stm32 9.3.0/armtools/bin/../lib/gcc/arm-atollic-eabi/6.3.1/../../../../arm-atollic-eabi/lib/armv7e-m/fpu\libc.a(lib_a-vsnprintf.o) (_svfprintf_r)
c:/program files (x86)/atollic/truestudio for stm32 9.3.0/armtools/bin/../lib/gcc/arm-atollic-eabi/6.3.1/../../../../arm-atollic-eabi/lib/armv7e-m/fpu\libc.a(lib_a-dtoa.o)
                              c:/program files (x86)/atollic/truestudio for stm32 9.3.0/armtools/bin/../lib/gcc/arm-atollic-eabi/6.3.1/../../../../arm-atollic-eabi/lib/armv7e-m/fpu\libc.a(lib_a-svfprintf.o) (_dtoa_r)
c:/program files (x86)/atollic/truestudio for stm32 9.3.0/armtools/bin/../lib/gcc/arm-atollic-eabi/6.3.1/../../../../arm-atollic-eabi/lib/armv7e-m/fpu\libc.a(lib_a-localeconv.o)
                              c:/program files (x86)/atollic/truestudio for stm32 9.3.0/armtools/bin/../lib/gcc/arm-atollic-eabi/6.3.1/../../../../arm-atollic-eabi/lib/armv7e-m/fpu\libc.a(lib_a-svfprintf.o) (_localeconv_r)
c:/program files (x86)/atollic/truestudio for stm32 9.3.0/armtools/bin/../lib/gcc/arm-atollic-eabi/6.3.1/../../../../arm-atollic-eabi/lib/armv7e-m/fpu\libc.a(lib_a-malloc.o)
                              c:/program files (x86)/atollic/truestudio for stm32 9.3.0/armtools/bin/../lib/gcc/arm-atollic-eabi/6.3.1/../../../../arm-atollic-eabi/lib/armv7e-m/fpu\libc.a(lib_a-dtoa.o) (malloc)
c:/program files (x86)/atollic/truestudio for stm32 9.3.0/armtools/bin/../lib/gcc/arm-atollic-eabi/6.3.1/../../../../arm-atollic-eabi/lib/armv7e-m/fpu\libc.a(lib_a-mallocr.o)
                              c:/program files (x86)/atollic/truestudio for stm32 9.3.0/armtools/bin/../lib/gcc/arm-atollic-eabi/6.3.1/../../../../arm-atollic-eabi/lib/armv7e-m/fpu\libc.a(lib_a-svfprintf.o) (_malloc_r)
c:/program files (x86)/atollic/truestudio for stm32 9.3.0/armtools/bin/../lib/gcc/arm-atollic-eabi/6.3.1/../../../../arm-atollic-eabi/lib/armv7e-m/fpu\libc.a(lib_a-memchr.o)
                              c:/program files (x86)/atollic/truestudio for stm32 9.3.0/armtools/bin/../lib/gcc/arm-atollic-eabi/6.3.1/../../../../arm-atollic-eabi/lib/armv7e-m/fpu\libc.a(lib_a-svfprintf.o) (memchr)
c:/program files (x86)/atollic/truestudio for stm32 9.3.0/armtools/bin/../lib/gcc/arm-atollic-eabi/6.3.1/../../../../arm-atollic-eabi/lib/armv7e-m/fpu\libc.a(lib_a-mlock.o)
                              c:/program files (x86)/atollic/truestudio for stm32 9.3.0/armtools/bin/../lib/gcc/arm-atollic-eabi/6.3.1/../../../../arm-atollic-eabi/lib/armv7e-m/fpu\libc.a(lib_a-mallocr.o) (__malloc_lock)
c:/program files (x86)/atollic/truestudio for stm32 9.3.0/armtools/bin/../lib/gcc/arm-atollic-eabi/6.3.1/../../../../arm-atollic-eabi/lib/armv7e-m/fpu\libc.a(lib_a-mprec.o)
[...]
Memory Configuration

Name             Origin             Length             Attributes
FLASH            0x08000000         0x00040000         xr
RAM              0x20000000         0x00010000         xrw
MEMORY_B1        0x60000000         0x00000000         xr
CCMRAM           0x10000000         0x00010000         rw
*default*        0x00000000         0xffffffff

Linker script and memory map

LOAD c:/program files (x86)/atollic/truestudio for stm32 9.3.0/armtools/bin/../lib/gcc/arm-atollic-eabi/6.3.1/armv7e-m/fpu/crti.o
LOAD c:/program files (x86)/atollic/truestudio for stm32 9.3.0/armtools/bin/../lib/gcc/arm-atollic-eabi/6.3.1/armv7e-m/fpu/crtbegin.o
LOAD Libraries\STM32F4xx_StdPeriph_Driver\src\misc.o
LOAD Libraries\STM32F4xx_StdPeriph_Driver\src\stm32f4xx_adc.o
LOAD Libraries\STM32F4xx_StdPeriph_Driver\src\stm32f4xx_can.o
LOAD Libraries\STM32F4xx_StdPeriph_Driver\src\stm32f4xx_crc.o
LOAD Libraries\STM32F4xx_StdPeriph_Driver\src\stm32f4xx_cryp.o
LOAD Libraries\STM32F4xx_StdPeriph_Driver\src\stm32f4xx_cryp_aes.o
LOAD Libraries\STM32F4xx_StdPeriph_Driver\src\stm32f4xx_cryp_des.o
LOAD Libraries\STM32F4xx_StdPeriph_Driver\src\stm32f4xx_cryp_tdes.o
LOAD Libraries\STM32F4xx_StdPeriph_Driver\src\stm32f4xx_dac.o
LOAD Libraries\STM32F4xx_StdPeriph_Driver\src\stm32f4xx_dbgmcu.o
LOAD Libraries\STM32F4xx_StdPeriph_Driver\src\stm32f4xx_dcmi.o
LOAD Libraries\STM32F4xx_StdPeriph_Driver\src\stm32f4xx_dma.o
LOAD Libraries\STM32F4xx_StdPeriph_Driver\src\stm32f4xx_exti.o
LOAD Libraries\STM32F4xx_StdPeriph_Driver\src\stm32f4xx_flash.o
LOAD Libraries\STM32F4xx_StdPeriph_Driver\src\stm32f4xx_fsmc.o
LOAD Libraries\STM32F4xx_StdPeriph_Driver\src\stm32f4xx_gpio.o
LOAD Libraries\STM32F4xx_StdPeriph_Driver\src\stm32f4xx_hash.o
LOAD Libraries\STM32F4xx_StdPeriph_Driver\src\stm32f4xx_hash_md5.o
LOAD Libraries\STM32F4xx_StdPeriph_Driver\src\stm32f4xx_hash_sha1.o
LOAD Libraries\STM32F4xx_StdPeriph_Driver\src\stm32f4xx_i2c.o
LOAD Libraries\STM32F4xx_StdPeriph_Driver\src\stm32f4xx_iwdg.o
LOAD Libraries\STM32F4xx_StdPeriph_Driver\src\stm32f4xx_pwr.o
LOAD Libraries\STM32F4xx_StdPeriph_Driver\src\stm32f4xx_rcc.o
LOAD Libraries\STM32F4xx_StdPeriph_Driver\src\stm32f4xx_rng.o
LOAD Libraries\STM32F4xx_StdPeriph_Driver\src\stm32f4xx_rtc.o
LOAD Libraries\STM32F4xx_StdPeriph_Driver\src\stm32f4xx_sdio.o
LOAD Libraries\STM32F4xx_StdPeriph_Driver\src\stm32f4xx_spi.o
LOAD Libraries\STM32F4xx_StdPeriph_Driver\src\stm32f4xx_syscfg.o
LOAD Libraries\STM32F4xx_StdPeriph_Driver\src\stm32f4xx_tim.o
LOAD Libraries\STM32F4xx_StdPeriph_Driver\src\stm32f4xx_usart.o
LOAD Libraries\STM32F4xx_StdPeriph_Driver\src\stm32f4xx_wwdg.o
LOAD src\main.o
LOAD src\startup_stm32f40xx.o
LOAD src\stm32f4xx_it.o
LOAD src\system_stm32f4xx.o
LOAD src\tiny_printf.o
LOAD user\app_cli\app_cli.o
LOAD user\app_cli\app_shell.o
LOAD user\os_debug\RTT\SEGGER_RTT.o
LOAD user\os_debug\RTT\SEGGER_RTT_printf.o
LOAD user\os_debug\app_debug.o
                0x00000080                malloc_getpagesize_P = 0x80
START GROUP
LOAD c:/program files (x86)/atollic/truestudio for stm32 9.3.0/armtools/bin/../lib/gcc/arm-atollic-eabi/6.3.1/../../../../arm-atollic-eabi/lib/armv7e-m/fpu\libc.a
LOAD c:/program files (x86)/atollic/truestudio for stm32 9.3.0/armtools/bin/../lib/gcc/arm-atollic-eabi/6.3.1/../../../../arm-atollic-eabi/lib/armv7e-m/fpu\libm.a
END GROUP
START GROUP
LOAD c:/program files (x86)/atollic/truestudio for stm32 9.3.0/armtools/bin/../lib/gcc/arm-atollic-eabi/6.3.1/armv7e-m/fpu\libgcc.a
LOAD c:/program files (x86)/atollic/truestudio for stm32 9.3.0/armtools/bin/../lib/gcc/arm-atollic-eabi/6.3.1/../../../../arm-atollic-eabi/lib/armv7e-m/fpu\libc.a
END GROUP
START GROUP
LOAD c:/program files (x86)/atollic/truestudio for stm32 9.3.0/armtools/bin/../lib/gcc/arm-atollic-eabi/6.3.1/armv7e-m/fpu\libgcc.a
LOAD c:/program files (x86)/atollic/truestudio for stm32 9.3.0/armtools/bin/../lib/gcc/arm-atollic-eabi/6.3.1/../../../../arm-atollic-eabi/lib/armv7e-m/fpu\libc.a
LOAD c:/program files (x86)/atollic/truestudio for stm32 9.3.0/armtools/bin/../lib/gcc/arm-atollic-eabi/6.3.1/../../../../arm-atollic-eabi/lib/armv7e-m/fpu\libnosys.a
END GROUP
LOAD c:/program files (x86)/atollic/truestudio for stm32 9.3.0/armtools/bin/../lib/gcc/arm-atollic-eabi/6.3.1/armv7e-m/fpu/crtend.o
LOAD c:/program files (x86)/atollic/truestudio for stm32 9.3.0/armtools/bin/../lib/gcc/arm-atollic-eabi/6.3.1/armv7e-m/fpu/crtn.o
                0x20010000                _estack = 0x20010000
                0x00000000                _Min_Heap_Size = 0x0
                0x00000200                _Min_Stack_Size = 0x200

.isr_vector     0x08000000      0x188
                0x08000000                . = ALIGN (0x4)
 *(.isr_vector)
 .isr_vector    0x08000000      0x188 src\startup_stm32f40xx.o
                0x08000000                g_pfnVectors
                0x08000188                . = ALIGN (0x4)

.text           0x08000190     0x5768
                0x08000190                . = ALIGN (0x4)
 *(.text)
 .text          0x08000190       0x40 c:/program files (x86)/atollic/truestudio for stm32 9.3.0/armtools/bin/../lib/gcc/arm-atollic-eabi/6.3.1/armv7e-m/fpu/crtbegin.o
 .text          0x080001d0       0x10 c:/program files (x86)/atollic/truestudio for stm32 9.3.0/armtools/bin/../lib/gcc/arm-atollic-eabi/6.3.1/../../../../arm-atollic-eabi/lib/armv7e-m/fpu\libc.a(lib_a-strlen.o)
                0x080001d0                strlen
 .text          0x080001e0       0xa0 c:/program files (x86)/atollic/truestudio for stm32 9.3.0/armtools/bin/../lib/gcc/arm-atollic-eabi/6.3.1/../../../../arm-atollic-eabi/lib/armv7e-m/fpu\libc.a(lib_a-memchr.o)
                0x080001e0                memchr
 .text          0x08000280      0x370 c:/program files (x86)/atollic/truestudio for stm32 9.3.0/armtools/bin/../lib/gcc/arm-atollic-eabi/6.3.1/armv7e-m/fpu\libgcc.a(_arm_addsubdf3.o)
                0x08000280                __aeabi_drsub
                0x08000288                __aeabi_dsub
                0x08000288                __subdf3
                0x0800028c                __aeabi_dadd
                0x0800028c                __adddf3
                0x08000504                __floatunsidf
                0x08000504                __aeabi_ui2d
                0x08000524                __floatsidf
                0x08000524                __aeabi_i2d
                0x08000548                __aeabi_f2d
                0x08000548                __extendsfdf2
                0x08000584                __floatundidf
                0x08000584                __aeabi_ul2d
                0x08000594                __floatdidf
                0x08000594                __aeabi_l2d
 .text          0x080005f0      0x424 c:/program files (x86)/atollic/truestudio for stm32 9.3.0/armtools/bin/../lib/gcc/arm-atollic-eabi/6.3.1/armv7e-m/fpu\libgcc.a(_arm_muldivdf3.o)
                0x080005f0                __aeabi_dmul
                0x080005f0                __muldf3
                0x08000844                __divdf3
                0x08000844                __aeabi_ddiv
 .text          0x08000a14      0x110 c:/program files (x86)/atollic/truestudio for stm32 9.3.0/armtools/bin/../lib/gcc/arm-atollic-eabi/6.3.1/armv7e-m/fpu\libgcc.a(_arm_cmpdf2.o)
                0x08000a14                __gtdf2
                0x08000a14                __gedf2
                0x08000a1c                __ltdf2
                0x08000a1c                __ledf2
                0x08000a24                __nedf2
                0x08000a24                __eqdf2
                0x08000a24                __cmpdf2
                0x08000aa0                __aeabi_cdrcmple
                0x08000ab0                __aeabi_cdcmpeq
                0x08000ab0                __aeabi_cdcmple
                0x08000ac0                __aeabi_dcmpeq
                0x08000ad4                __aeabi_dcmplt
                0x08000ae8                __aeabi_dcmple
                0x08000afc                __aeabi_dcmpge
                0x08000b10                __aeabi_dcmpgt
 .text          0x08000b24       0x2c c:/program files (x86)/atollic/truestudio for stm32 9.3.0/armtools/bin/../lib/gcc/arm-atollic-eabi/6.3.1/armv7e-m/fpu\libgcc.a(_arm_unorddf2.o)
                0x08000b24                __unorddf2
                0x08000b24                __aeabi_dcmpun
 .text          0x08000b50       0x50 c:/program files (x86)/atollic/truestudio for stm32 9.3.0/armtools/bin/../lib/gcc/arm-atollic-eabi/6.3.1/armv7e-m/fpu\libgcc.a(_arm_fixdfsi.o)
                0x08000b50                __aeabi_d2iz
                0x08000b50                __fixdfsi
 .text          0x08000ba0       0x30 c:/program files (x86)/atollic/truestudio for stm32 9.3.0/armtools/bin/../lib/gcc/arm-atollic-eabi/6.3.1/armv7e-m/fpu\libgcc.a(_aeabi_uldivmod.o)
                0x08000ba0                __aeabi_uldivmod
 .text          0x08000bd0      0x2dc c:/program files (x86)/atollic/truestudio for stm32 9.3.0/armtools/bin/../lib/gcc/arm-atollic-eabi/6.3.1/armv7e-m/fpu\libgcc.a(_udivmoddi4.o)
                0x08000bd0                __udivmoddi4
 .text          0x08000eac        0x4 c:/program files (x86)/atollic/truestudio for stm32 9.3.0/armtools/bin/../lib/gcc/arm-atollic-eabi/6.3.1/armv7e-m/fpu\libgcc.a(_dvmd_tls.o)
                0x08000eac                __aeabi_idiv0
                0x08000eac                __aeabi_ldiv0
 *(.text*)
 .text.main     0x08000eb0       0x18 src\main.o
                0x08000eb0                main
 .text.Reset_Handler
                0x08000ec8       0x50 src\startup_stm32f40xx.o
                0x08000ec8                Reset_Handler
 .text.Default_Handler
                0x08000f18        0x2 src\startup_stm32f40xx.o
                0x08000f18                RTC_Alarm_IRQHandler
                0x08000f18                HASH_RNG_IRQHandler
                0x08000f18                EXTI2_IRQHandler
                0x08000f18                TIM8_CC_IRQHandler
                0x08000f18                TIM1_CC_IRQHandler
                0x08000f18                DMA2_Stream5_IRQHandler
                0x08000f18                DMA1_Stream5_IRQHandler
                0x08000f18                PVD_IRQHandler
                0x08000f18                SDIO_IRQHandler
                0x08000f18                TAMP_STAMP_IRQHandler
                0x08000f18                CAN2_RX1_IRQHandler
                0x08000f18                EXTI3_IRQHandler
                0x08000f18                TIM8_TRG_COM_TIM14_IRQHandler
                0x08000f18                TIM1_UP_TIM10_IRQHandler
                0x08000f18                TIM8_UP_TIM13_IRQHandler
                0x08000f18                I2C3_ER_IRQHandler
                0x08000f18                EXTI0_IRQHandler
                0x08000f18                I2C2_EV_IRQHandler
                0x08000f18                DMA1_Stream2_IRQHandler
                0x08000f18                CAN1_RX0_IRQHandler
                0x08000f18                FPU_IRQHandler
                0x08000f18                OTG_HS_WKUP_IRQHandler
                0x08000f18                CAN2_SCE_IRQHandler
                0x08000f18                DMA2_Stream2_IRQHandler
                0x08000f18                SPI1_IRQHandler
                0x08000f18                TIM6_DAC_IRQHandler
                0x08000f18                TIM1_BRK_TIM9_IRQHandler
                0x08000f18                DCMI_IRQHandler
                0x08000f18                CAN2_RX0_IRQHandler
                0x08000f18                DMA2_Stream3_IRQHandler
                0x08000f18                USART6_IRQHandler
                0x08000f18                USART3_IRQHandler
                0x08000f18                CRYP_IRQHandler
                0x08000f18                CAN1_RX1_IRQHandler
                0x08000f18                UART5_IRQHandler
                0x08000f18                DMA2_Stream0_IRQHandler
                0x08000f18                TIM4_IRQHandler
                0x08000f18                I2C1_EV_IRQHandler
                0x08000f18                DMA1_Stream6_IRQHandler
                0x08000f18                DMA1_Stream1_IRQHandler
                0x08000f18                UART4_IRQHandler
                0x08000f18                TIM3_IRQHandler
                0x08000f18                RCC_IRQHandler
                0x08000f18                TIM8_BRK_TIM12_IRQHandler
                0x08000f18                Default_Handler
                0x08000f18                EXTI15_10_IRQHandler
                0x08000f18                ADC_IRQHandler
                0x08000f18                DMA1_Stream7_IRQHandler
                0x08000f18                TIM7_IRQHandler
                0x08000f18                CAN2_TX_IRQHandler
                0x08000f18                TIM5_IRQHandler
                0x08000f18                DMA2_Stream7_IRQHandler
                0x08000f18                I2C3_EV_IRQHandler
                0x08000f18                EXTI9_5_IRQHandler
                0x08000f18                RTC_WKUP_IRQHandler
                0x08000f18                ETH_WKUP_IRQHandler
                0x08000f18                SPI2_IRQHandler
                0x08000f18                OTG_HS_EP1_IN_IRQHandler
                0x08000f18                DMA1_Stream0_IRQHandler
                0x08000f18                CAN1_TX_IRQHandler
                0x08000f18                EXTI4_IRQHandler
                0x08000f18                FSMC_IRQHandler
                0x08000f18                ETH_IRQHandler
                0x08000f18                OTG_HS_EP1_OUT_IRQHandler
                0x08000f18                WWDG_IRQHandler
                0x08000f18                TIM2_IRQHandler
                0x08000f18                OTG_FS_WKUP_IRQHandler
                0x08000f18                TIM1_TRG_COM_TIM11_IRQHandler
                0x08000f18                OTG_HS_IRQHandler
                0x08000f18                EXTI1_IRQHandler
                0x08000f18                USART2_IRQHandler
                0x08000f18                I2C2_ER_IRQHandler
                0x08000f18                DMA2_Stream1_IRQHandler
                0x08000f18                CAN1_SCE_IRQHandler
                0x08000f18                FLASH_IRQHandler
                0x08000f18                DMA2_Stream4_IRQHandler
                0x08000f18                USART1_IRQHandler
                0x08000f18                OTG_FS_IRQHandler
                0x08000f18                SPI3_IRQHandler
                0x08000f18                DMA1_Stream4_IRQHandler
                0x08000f18                I2C1_ER_IRQHandler
                0x08000f18                DMA2_Stream6_IRQHandler
                0x08000f18                DMA1_Stream3_IRQHandler
 .text.NMI_Handler
                0x08000f1a        0xe src\stm32f4xx_it.o
                0x08000f1a                NMI_Handler
 .text.HardFault_Handler
                0x08000f28        0x6 src\stm32f4xx_it.o
                0x08000f28                HardFault_Handler
 .text.MemManage_Handler
                0x08000f2e        0x6 src\stm32f4xx_it.o
                0x08000f2e                MemManage_Handler
 .text.BusFault_Handler
                0x08000f34        0x6 src\stm32f4xx_it.o
                0x08000f34                BusFault_Handler
 .text.UsageFault_Handler
                0x08000f3a        0x6 src\stm32f4xx_it.o
                0x08000f3a                UsageFault_Handler
 .text.SVC_Handler
                0x08000f40        0xe src\stm32f4xx_it.o
                0x08000f40                SVC_Handler
 .text.DebugMon_Handler
                0x08000f4e        0xe src\stm32f4xx_it.o
                0x08000f4e                DebugMon_Handler
 .text.PendSV_Handler
                0x08000f5c        0xe src\stm32f4xx_it.o
                0x08000f5c                PendSV_Handler
 .text.SysTick_Handler
                0x08000f6a        0xe src\stm32f4xx_it.o
                0x08000f6a                SysTick_Handler
 .text.SystemInit
                0x08000f78       0x6c src\system_stm32f4xx.o
                0x08000f78                SystemInit
 .text.SetSysClock
                0x08000fe4       0xf8 src\system_stm32f4xx.o
 .text.NVIC_SystemReset
                0x080010dc       0x28 user\app_cli\app_cli.o
 .text.rtt_custom_printf
                0x08001104       0x2c user\app_cli\app_cli.o
                0x08001104                rtt_custom_printf
 .text.app_cli_puts
                0x08001130       0x1c user\app_cli\app_cli.o
                0x08001130                app_cli_puts
 .text.app_cli_gets
                0x0800114c       0x7c user\app_cli\app_cli.o
                0x0800114c                app_cli_gets
 .text.app_cli_start
                0x080011c8       0x64 user\app_cli\app_cli.o
                0x080011c8                app_cli_start
 .text.cli_reset_system
                0x0800122c       0x24 user\app_cli\app_cli.o
 .text.cli_uart_cmd
                0x08001250       0x20 user\app_cli\app_cli.o
 .text.app_cli_poll
                0x08001270        0xc user\app_cli\app_cli.o
                0x08001270                app_cli_poll
 .text.app_shell_init
                0x0800127c       0x60 user\app_cli\app_shell.o
                0x0800127c                app_shell_init
 .text.app_shell_set_context
                0x080012dc       0x20 user\app_cli\app_shell.o
                0x080012dc                app_shell_set_context
 .text.app_shell_task
                0x080012fc      0x50c user\app_cli\app_shell.o
                0x080012fc                app_shell_task
 .text.help_cmd
                0x08001808       0x48 user\app_cli\app_shell.o
 .text.exit_cmd
                0x08001850       0x2c user\app_cli\app_shell.o
 .text.process_cmd
                0x0800187c      0x27c user\app_cli\app_shell.o
 .text.get_history_cmd
                0x08001af8       0xc4 user\app_cli\app_shell.o
 .text.auto_complete
                0x08001bbc      0x114 user\app_cli\app_shell.o
 .text.custom_str_cpy
                0x08001cd0       0x46 user\app_cli\app_shell.o
 .text.custom_str_cmp
                0x08001d16       0x4c user\app_cli\app_shell.o
 *fill*         0x08001d62        0x2 
 .text.parse_line
                0x08001d64       0xfc user\app_cli\app_shell.o
 .text.app_shell_register_cmd
                0x08001e60       0x4c user\app_cli\app_shell.o
                0x08001e60                app_shell_register_cmd
 .text.get_char
                0x08001eac       0x20 user\app_cli\app_shell.o
 .text._DoInit  0x08001ecc       0xb0 user\os_debug\RTT\SEGGER_RTT.o
 .text._WriteBlocking
                0x08001f7c       0xb8 user\os_debug\RTT\SEGGER_RTT.o
 .text._WriteNoCheck
                0x08002034       0x88 user\os_debug\RTT\SEGGER_RTT.o
 .text._GetAvailWriteSpace
                0x080020bc       0x46 user\os_debug\RTT\SEGGER_RTT.o
 *fill*         0x08002102        0x2 
 .text.SEGGER_RTT_ReadNoLock
                0x08002104      0x104 user\os_debug\RTT\SEGGER_RTT.o
                0x08002104                SEGGER_RTT_ReadNoLock
 .text.SEGGER_RTT_Read
                0x08002208       0x36 user\os_debug\RTT\SEGGER_RTT.o
                0x08002208                SEGGER_RTT_Read
 *fill*         0x0800223e        0x2 
 .text.SEGGER_RTT_WriteNoLock
                0x08002240       0x9c user\os_debug\RTT\SEGGER_RTT.o
                0x08002240                SEGGER_RTT_WriteNoLock
 .text.SEGGER_RTT_Write
                0x080022dc       0x48 user\os_debug\RTT\SEGGER_RTT.o
                0x080022dc                SEGGER_RTT_Write
 .text._StoreChar
                0x08002324       0x7c user\os_debug\RTT\SEGGER_RTT_printf.o
 .text._PrintUnsigned
                0x080023a0      0x158 user\os_debug\RTT\SEGGER_RTT_printf.o
 .text._PrintInt
                0x080024f8      0x14e user\os_debug\RTT\SEGGER_RTT_printf.o
 *fill*         0x08002646        0x2 
 .text.SEGGER_RTT_vprintf
                0x08002648      0x39c user\os_debug\RTT\SEGGER_RTT_printf.o
                0x08002648                SEGGER_RTT_vprintf
 .text.app_debug_rtt
                0x080029e4       0x94 user\os_debug\app_debug.o
                0x080029e4                app_debug_rtt
 .text.__libc_init_array
                0x08002a78       0x48 c:/program files (x86)/atollic/truestudio for stm32 9.3.0/armtools/bin/../lib/gcc/arm-atollic-eabi/6.3.1/../../../../arm-atollic-eabi/lib/armv7e-m/fpu\libc.a(lib_a-init.o)
                0x08002a78                __libc_init_array
 .text.memcpy   0x08002ac0       0x16 c:/program files (x86)/atollic/truestudio for stm32 9.3.0/armtools/bin/../lib/gcc/arm-atollic-eabi/6.3.1/../../../../arm-atollic-eabi/lib/armv7e-m/fpu\libc.a(lib_a-memcpy-stub.o)
                0x08002ac0                memcpy
 .text.memmove  0x08002ad6       0x34 c:/program files (x86)/atollic/truestudio for stm32 9.3.0/armtools/bin/../lib/gcc/arm-atollic-eabi/6.3.1/../../../../arm-atollic-eabi/lib/armv7e-m/fpu\libc.a(lib_a-memmove.o)
                0x08002ad6                memmove
 .text.memset   0x08002b0a       0x10 c:/program files (x86)/atollic/truestudio for stm32 9.3.0/armtools/bin/../lib/gcc/arm-atollic-eabi/6.3.1/../../../../arm-atollic-eabi/lib/armv7e-m/fpu\libc.a(lib_a-memset.o)
                0x08002b0a                memset
 .text._vsnprintf_r
                0x08002b1a       0x58 c:/program files (x86)/atollic/truestudio for stm32 9.3.0/armtools/bin/../lib/gcc/arm-atollic-eabi/6.3.1/../../../../arm-atollic-eabi/lib/armv7e-m/fpu\libc.a(lib_a-vsnprintf.o)
                0x08002b1a                _vsnprintf_r
 *fill*         0x08002b72        0x2 
 .text.vsnprintf
                0x08002b74       0x1c c:/program files (x86)/atollic/truestudio for stm32 9.3.0/armtools/bin/../lib/gcc/arm-atollic-eabi/6.3.1/../../../../arm-atollic-eabi/lib/armv7e-m/fpu\libc.a(lib_a-vsnprintf.o)
                0x08002b74                vsnprintf
 .text._svfprintf_r
                0x08002b90      0xfa8 c:/program files (x86)/atollic/truestudio for stm32 9.3.0/armtools/bin/../lib/gcc/arm-atollic-eabi/6.3.1/../../../../arm-atollic-eabi/lib/armv7e-m/fpu\libc.a(lib_a-svfprintf.o)
                0x08002b90                _svfprintf_r
 .text.quorem   0x08003b38      0x118 c:/program files (x86)/atollic/truestudio for stm32 9.3.0/armtools/bin/../lib/gcc/arm-atollic-eabi/6.3.1/../../../../arm-atollic-eabi/lib/armv7e-m/fpu\libc.a(lib_a-dtoa.o)
 .text._dtoa_r  0x08003c50      0xb9c c:/program files (x86)/atollic/truestudio for stm32 9.3.0/armtools/bin/../lib/gcc/arm-atollic-eabi/6.3.1/../../../../arm-atollic-eabi/lib/armv7e-m/fpu\libc.a(lib_a-dtoa.o)
                0x08003c50                _dtoa_r
 .text._localeconv_r
                0x080047ec       0x1c c:/program files (x86)/atollic/truestudio for stm32 9.3.0/armtools/bin/../lib/gcc/arm-atollic-eabi/6.3.1/../../../../arm-atollic-eabi/lib/armv7e-m/fpu\libc.a(lib_a-localeconv.o)
                0x080047ec                _localeconv_r
 .text.malloc   0x08004808       0x10 c:/program files (x86)/atollic/truestudio for stm32 9.3.0/armtools/bin/../lib/gcc/arm-atollic-eabi/6.3.1/../../../../arm-atollic-eabi/lib/armv7e-m/fpu\libc.a(lib_a-malloc.o)
                0x08004808                malloc
 .text._malloc_r
                0x08004818      0x41c c:/program files (x86)/atollic/truestudio for stm32 9.3.0/armtools/bin/../lib/gcc/arm-atollic-eabi/6.3.1/../../../../arm-atollic-eabi/lib/armv7e-m/fpu\libc.a(lib_a-mallocr.o)
                0x08004818                _malloc_r
 .text.__malloc_lock
                0x08004c34        0xc c:/program files (x86)/atollic/truestudio for stm32 9.3.0/armtools/bin/../lib/gcc/arm-atollic-eabi/6.3.1/../../../../arm-atollic-eabi/lib/armv7e-m/fpu\libc.a(lib_a-mlock.o)
                0x08004c34                __malloc_lock
 .text.__malloc_unlock
                0x08004c40        0xc c:/program files (x86)/atollic/truestudio for stm32 9.3.0/armtools/bin/../lib/gcc/arm-atollic-eabi/6.3.1/../../../../arm-atollic-eabi/lib/armv7e-m/fpu\libc.a(lib_a-mlock.o)
                0x08004c40                __malloc_unlock
 .text._Balloc  0x08004c4c       0x68 c:/program files (x86)/atollic/truestudio for stm32 9.3.0/armtools/bin/../lib/gcc/arm-atollic-eabi/6.3.1/../../../../arm-atollic-eabi/lib/armv7e-m/fpu\libc.a(lib_a-mprec.o)
                0x08004c4c                _Balloc
 .text._Bfree   0x08004cb4       0x2e c:/program files (x86)/atollic/truestudio for stm32 9.3.0/armtools/bin/../lib/gcc/arm-atollic-eabi/6.3.1/../../../../arm-atollic-eabi/lib/armv7e-m/fpu\libc.a(lib_a-mprec.o)
                0x08004cb4                _Bfree
 .text.__multadd
                0x08004ce2       0x76 c:/program files (x86)/atollic/truestudio for stm32 9.3.0/armtools/bin/../lib/gcc/arm-atollic-eabi/6.3.1/../../../../arm-atollic-eabi/lib/armv7e-m/fpu\libc.a(lib_a-mprec.o)
                0x08004ce2                __multadd
 .text.__hi0bits
                0x08004d58       0x3e c:/program files (x86)/atollic/truestudio for stm32 9.3.0/armtools/bin/../lib/gcc/arm-atollic-eabi/6.3.1/../../../../arm-atollic-eabi/lib/armv7e-m/fpu\libc.a(lib_a-mprec.o)
                0x08004d58                __hi0bits
 .text.__lo0bits
                0x08004d96       0x5e c:/program files (x86)/atollic/truestudio for stm32 9.3.0/armtools/bin/../lib/gcc/arm-atollic-eabi/6.3.1/../../../../arm-atollic-eabi/lib/armv7e-m/fpu\libc.a(lib_a-mprec.o)
                0x08004d96                __lo0bits
 .text.__i2b    0x08004df4       0x12 c:/program files (x86)/atollic/truestudio for stm32 9.3.0/armtools/bin/../lib/gcc/arm-atollic-eabi/6.3.1/../../../../arm-atollic-eabi/lib/armv7e-m/fpu\libc.a(lib_a-mprec.o)
                0x08004df4                __i2b
 .text.__multiply
                0x08004e06      0x11a c:/program files (x86)/atollic/truestudio for stm32 9.3.0/armtools/bin/../lib/gcc/arm-atollic-eabi/6.3.1/../../../../arm-atollic-eabi/lib/armv7e-m/fpu\libc.a(lib_a-mprec.o)
                0x08004e06                __multiply
 .text.__pow5mult
                0x08004f20       0x9c c:/program files (x86)/atollic/truestudio for stm32 9.3.0/armtools/bin/../lib/gcc/arm-atollic-eabi/6.3.1/../../../../arm-atollic-eabi/lib/armv7e-m/fpu\libc.a(lib_a-mprec.o)
                0x08004f20                __pow5mult
 .text.__lshift
                0x08004fbc       0xa2 c:/program files (x86)/atollic/truestudio for stm32 9.3.0/armtools/bin/../lib/gcc/arm-atollic-eabi/6.3.1/../../../../arm-atollic-eabi/lib/armv7e-m/fpu\libc.a(lib_a-mprec.o)
                0x08004fbc                __lshift
 .text.__mcmp   0x0800505e       0x34 c:/program files (x86)/atollic/truestudio for stm32 9.3.0/armtools/bin/../lib/gcc/arm-atollic-eabi/6.3.1/../../../../arm-atollic-eabi/lib/armv7e-m/fpu\libc.a(lib_a-mprec.o)
                0x0800505e                __mcmp
 .text.__mdiff  0x08005092       0xbc c:/program files (x86)/atollic/truestudio for stm32 9.3.0/armtools/bin/../lib/gcc/arm-atollic-eabi/6.3.1/../../../../arm-atollic-eabi/lib/armv7e-m/fpu\libc.a(lib_a-mprec.o)
                0x08005092                __mdiff
 .text.__d2b    0x0800514e       0x9e c:/program files (x86)/atollic/truestudio for stm32 9.3.0/armtools/bin/../lib/gcc/arm-atollic-eabi/6.3.1/../../../../arm-atollic-eabi/lib/armv7e-m/fpu\libc.a(lib_a-mprec.o)
                0x0800514e                __d2b
 .text._sbrk_r  0x080051ec       0x20 c:/program files (x86)/atollic/truestudio for stm32 9.3.0/armtools/bin/../lib/gcc/arm-atollic-eabi/6.3.1/../../../../arm-atollic-eabi/lib/armv7e-m/fpu\libc.a(lib_a-sbrkr.o)
                0x080051ec                _sbrk_r
 .text.__ssprint_r
                0x0800520c       0xf4 c:/program files (x86)/atollic/truestudio for stm32 9.3.0/armtools/bin/../lib/gcc/arm-atollic-eabi/6.3.1/../../../../arm-atollic-eabi/lib/armv7e-m/fpu\libc.a(lib_a-svfiprintf.o)
                0x0800520c                __ssprint_r
 .text._calloc_r
                0x08005300       0x5a c:/program files (x86)/atollic/truestudio for stm32 9.3.0/armtools/bin/../lib/gcc/arm-atollic-eabi/6.3.1/../../../../arm-atollic-eabi/lib/armv7e-m/fpu\libc.a(lib_a-callocr.o)
                0x08005300                _calloc_r
 *fill*         0x0800535a        0x2 
 .text._malloc_trim_r
                0x0800535c       0xac c:/program files (x86)/atollic/truestudio for stm32 9.3.0/armtools/bin/../lib/gcc/arm-atollic-eabi/6.3.1/../../../../arm-atollic-eabi/lib/armv7e-m/fpu\libc.a(lib_a-freer.o)
                0x0800535c                _malloc_trim_r
 .text._free_r  0x08005408      0x178 c:/program files (x86)/atollic/truestudio for stm32 9.3.0/armtools/bin/../lib/gcc/arm-atollic-eabi/6.3.1/../../../../arm-atollic-eabi/lib/armv7e-m/fpu\libc.a(lib_a-freer.o)
                0x08005408                _free_r
 .text.__retarget_lock_acquire_recursive
                0x08005580        0x2 c:/program files (x86)/atollic/truestudio for stm32 9.3.0/armtools/bin/../lib/gcc/arm-atollic-eabi/6.3.1/../../../../arm-atollic-eabi/lib/armv7e-m/fpu\libc.a(lib_a-lock.o)
                0x08005580                __retarget_lock_acquire_recursive
 .text.__retarget_lock_release_recursive
                0x08005582        0x2 c:/program files (x86)/atollic/truestudio for stm32 9.3.0/armtools/bin/../lib/gcc/arm-atollic-eabi/6.3.1/../../../../arm-atollic-eabi/lib/armv7e-m/fpu\libc.a(lib_a-lock.o)
                0x08005582                __retarget_lock_release_recursive
 .text.__ascii_mbtowc
                0x08005584       0x24 c:/program files (x86)/atollic/truestudio for stm32 9.3.0/armtools/bin/../lib/gcc/arm-atollic-eabi/6.3.1/../../../../arm-atollic-eabi/lib/armv7e-m/fpu\libc.a(lib_a-mbtowc_r.o)
                0x08005584                __ascii_mbtowc
 .text._realloc_r
                0x080055a8      0x300 c:/program files (x86)/atollic/truestudio for stm32 9.3.0/armtools/bin/../lib/gcc/arm-atollic-eabi/6.3.1/../../../../arm-atollic-eabi/lib/armv7e-m/fpu\libc.a(lib_a-reallocr.o)
                0x080055a8                _realloc_r
 .text.__ascii_wctomb
                0x080058a8       0x1a c:/program files (x86)/atollic/truestudio for stm32 9.3.0/armtools/bin/../lib/gcc/arm-atollic-eabi/6.3.1/../../../../arm-atollic-eabi/lib/armv7e-m/fpu\libc.a(lib_a-wctomb_r.o)
                0x080058a8                __ascii_wctomb
 *fill*         0x080058c2        0x2 
 .text._sbrk    0x080058c4       0x1c c:/program files (x86)/atollic/truestudio for stm32 9.3.0/armtools/bin/../lib/gcc/arm-atollic-eabi/6.3.1/../../../../arm-atollic-eabi/lib/armv7e-m/fpu\libnosys.a(sbrk.o)
                0x080058c4                _sbrk
 *(.glue_7)
 .glue_7        0x080058e0        0x0 linker stubs
 *(.glue_7t)
 .glue_7t       0x080058e0        0x0 linker stubs
 *(.eh_frame)
 .eh_frame      0x080058e0        0x0 c:/program files (x86)/atollic/truestudio for stm32 9.3.0/armtools/bin/../lib/gcc/arm-atollic-eabi/6.3.1/armv7e-m/fpu/crtbegin.o
 *(.init)
 .init          0x080058e0        0x4 c:/program files (x86)/atollic/truestudio for stm32 9.3.0/armtools/bin/../lib/gcc/arm-atollic-eabi/6.3.1/armv7e-m/fpu/crti.o
                0x080058e0                _init
 .init          0x080058e4        0x8 c:/program files (x86)/atollic/truestudio for stm32 9.3.0/armtools/bin/../lib/gcc/arm-atollic-eabi/6.3.1/armv7e-m/fpu/crtn.o
 *(.fini)
 .fini          0x080058ec        0x4 c:/program files (x86)/atollic/truestudio for stm32 9.3.0/armtools/bin/../lib/gcc/arm-atollic-eabi/6.3.1/armv7e-m/fpu/crti.o
                0x080058ec                _fini
 .fini          0x080058f0        0x8 c:/program files (x86)/atollic/truestudio for stm32 9.3.0/armtools/bin/../lib/gcc/arm-atollic-eabi/6.3.1/armv7e-m/fpu/crtn.o
                0x080058f8                . = ALIGN (0x4)
                0x080058f8                _etext = .

.vfp11_veneer   0x080058f8        0x0
 .vfp11_veneer  0x080058f8        0x0 linker stubs

.v4_bx          0x080058f8        0x0
 .v4_bx         0x080058f8        0x0 linker stubs

.iplt           0x080058f8        0x0
 .iplt          0x080058f8        0x0 c:/program files (x86)/atollic/truestudio for stm32 9.3.0/armtools/bin/../lib/gcc/arm-atollic-eabi/6.3.1/armv7e-m/fpu/crtbegin.o

.rodata         0x080058f8      0x498
                0x080058f8                . = ALIGN (0x4)
 *(.rodata)
 .rodata        0x080058f8        0xd src\main.o
 *fill*         0x08005905        0x3 
 .rodata        0x08005908       0x6b user\app_cli\app_cli.o
 *fill*         0x08005973        0x1 
 .rodata        0x08005974      0x135 user\app_cli\app_shell.o
 *fill*         0x08005aa9        0x3 
 .rodata        0x08005aac       0x17 user\os_debug\RTT\SEGGER_RTT.o
 *(.rodata*)
 *fill*         0x08005ac3        0x1 
 .rodata.cli_command_table
                0x08005ac4       0x30 user\app_cli\app_cli.o
 .rodata.xhelp_cmd
                0x08005af4       0x10 user\app_cli\app_shell.o
 .rodata.xexit_cmd
                0x08005b04       0x10 user\app_cli\app_shell.o
 .rodata._aV2C.6042
                0x08005b14       0x10 user\os_debug\RTT\SEGGER_RTT_printf.o
 .rodata._svfprintf_r.str1.1
                0x08005b24       0x34 c:/program files (x86)/atollic/truestudio for stm32 9.3.0/armtools/bin/../lib/gcc/arm-atollic-eabi/6.3.1/../../../../arm-atollic-eabi/lib/armv7e-m/fpu\libc.a(lib_a-svfprintf.o)
 .rodata.blanks.8359
                0x08005b58       0x10 c:/program files (x86)/atollic/truestudio for stm32 9.3.0/armtools/bin/../lib/gcc/arm-atollic-eabi/6.3.1/../../../../arm-atollic-eabi/lib/armv7e-m/fpu\libc.a(lib_a-svfprintf.o)
 .rodata.zeroes.8360
                0x08005b68       0x10 c:/program files (x86)/atollic/truestudio for stm32 9.3.0/armtools/bin/../lib/gcc/arm-atollic-eabi/6.3.1/../../../../arm-atollic-eabi/lib/armv7e-m/fpu\libc.a(lib_a-svfprintf.o)
 .rodata._dtoa_r.str1.1
                0x08005b78        0xd c:/program files (x86)/atollic/truestudio for stm32 9.3.0/armtools/bin/../lib/gcc/arm-atollic-eabi/6.3.1/../../../../arm-atollic-eabi/lib/armv7e-m/fpu\libc.a(lib_a-dtoa.o)
                                  0xf (size before relaxing)
 *fill*         0x08005b85        0x3 
 .rodata.__mprec_bigtens
                0x08005b88       0x28 c:/program files (x86)/atollic/truestudio for stm32 9.3.0/armtools/bin/../lib/gcc/arm-atollic-eabi/6.3.1/../../../../arm-atollic-eabi/lib/armv7e-m/fpu\libc.a(lib_a-mprec.o)
                0x08005b88                __mprec_bigtens
 .rodata.__mprec_tens
                0x08005bb0       0xc8 c:/program files (x86)/atollic/truestudio for stm32 9.3.0/armtools/bin/../lib/gcc/arm-atollic-eabi/6.3.1/../../../../arm-atollic-eabi/lib/armv7e-m/fpu\libc.a(lib_a-mprec.o)
                0x08005bb0                __mprec_tens
 .rodata.p05.7196
                0x08005c78        0xc c:/program files (x86)/atollic/truestudio for stm32 9.3.0/armtools/bin/../lib/gcc/arm-atollic-eabi/6.3.1/../../../../arm-atollic-eabi/lib/armv7e-m/fpu\libc.a(lib_a-mprec.o)
 .rodata._setlocale_r.str1.1
                0x08005c84        0x8 c:/program files (x86)/atollic/truestudio for stm32 9.3.0/armtools/bin/../lib/gcc/arm-atollic-eabi/6.3.1/../../../../arm-atollic-eabi/lib/armv7e-m/fpu\libc.a(lib_a-locale.o)
                                  0x9 (size before relaxing)
 .rodata.str1.1
                0x08005c8c        0x2 c:/program files (x86)/atollic/truestudio for stm32 9.3.0/armtools/bin/../lib/gcc/arm-atollic-eabi/6.3.1/../../../../arm-atollic-eabi/lib/armv7e-m/fpu\libc.a(lib_a-locale.o)
 .rodata._ctype_
                0x08005c8e      0x101 c:/program files (x86)/atollic/truestudio for stm32 9.3.0/armtools/bin/../lib/gcc/arm-atollic-eabi/6.3.1/../../../../arm-atollic-eabi/lib/armv7e-m/fpu\libc.a(lib_a-ctype_.o)
                0x08005c8e                _ctype_
                0x08005d90                . = ALIGN (0x4)
 *fill*         0x08005d8f        0x1 

.ARM.extab
 *(.ARM.extab* .gnu.linkonce.armextab.*)

.ARM            0x08005d90        0x8
                0x08005d90                __exidx_start = .
 *(.ARM.exidx*)
 .ARM.exidx     0x08005d90        0x8 c:/program files (x86)/atollic/truestudio for stm32 9.3.0/armtools/bin/../lib/gcc/arm-atollic-eabi/6.3.1/armv7e-m/fpu\libgcc.a(_udivmoddi4.o)
                0x08005d98                __exidx_end = .

.rel.dyn        0x08005d98        0x0
 .rel.iplt      0x08005d98        0x0 c:/program files (x86)/atollic/truestudio for stm32 9.3.0/armtools/bin/../lib/gcc/arm-atollic-eabi/6.3.1/armv7e-m/fpu/crtbegin.o

.preinit_array  0x08005d98        0x0
                0x08005d98                PROVIDE (__preinit_array_start, .)
 *(.preinit_array*)
                0x08005d98                PROVIDE (__preinit_array_end, .)

.init_array     0x08005d98        0x4
                0x08005d98                PROVIDE (__init_array_start, .)
 *(SORT(.init_array.*))
 *(.init_array*)
 .init_array    0x08005d98        0x4 c:/program files (x86)/atollic/truestudio for stm32 9.3.0/armtools/bin/../lib/gcc/arm-atollic-eabi/6.3.1/armv7e-m/fpu/crtbegin.o
                0x08005d9c                PROVIDE (__init_array_end, .)

.fini_array     0x08005d9c        0x4
                [!provide]                PROVIDE (__fini_array_start, .)
 *(SORT(.fini_array.*))
 *(.fini_array*)
 .fini_array    0x08005d9c        0x4 c:/program files (x86)/atollic/truestudio for stm32 9.3.0/armtools/bin/../lib/gcc/arm-atollic-eabi/6.3.1/armv7e-m/fpu/crtbegin.o
                [!provide]                PROVIDE (__fini_array_end, .)
                0x08005da0                _sidata = LOADADDR (.data)

.data           0x20000000      0x670 load address 0x08005da0
                0x20000000                . = ALIGN (0x4)
                0x20000000                _sdata = .
 *(.data)
 *(.data*)
 .data._impure_ptr
                0x20000000        0x4 c:/program files (x86)/atollic/truestudio for stm32 9.3.0/armtools/bin/../lib/gcc/arm-atollic-eabi/6.3.1/../../../../arm-atollic-eabi/lib/armv7e-m/fpu\libc.a(lib_a-impure.o)
                0x20000000                _impure_ptr
 .data.impure_data
                0x20000004       0xf0 c:/program files (x86)/atollic/truestudio for stm32 9.3.0/armtools/bin/../lib/gcc/arm-atollic-eabi/6.3.1/../../../../arm-atollic-eabi/lib/armv7e-m/fpu\libc.a(lib_a-impure.o)
 .data.__malloc_av_
                0x200000f4      0x408 c:/program files (x86)/atollic/truestudio for stm32 9.3.0/armtools/bin/../lib/gcc/arm-atollic-eabi/6.3.1/../../../../arm-atollic-eabi/lib/armv7e-m/fpu\libc.a(lib_a-mallocr.o)
                0x200000f4                __malloc_av_
 .data.__malloc_sbrk_base
                0x200004fc        0x4 c:/program files (x86)/atollic/truestudio for stm32 9.3.0/armtools/bin/../lib/gcc/arm-atollic-eabi/6.3.1/../../../../arm-atollic-eabi/lib/armv7e-m/fpu\libc.a(lib_a-mallocr.o)
                0x200004fc                __malloc_sbrk_base
 .data.__malloc_trim_threshold
                0x20000500        0x4 c:/program files (x86)/atollic/truestudio for stm32 9.3.0/armtools/bin/../lib/gcc/arm-atollic-eabi/6.3.1/../../../../arm-atollic-eabi/lib/armv7e-m/fpu\libc.a(lib_a-mallocr.o)
                0x20000500                __malloc_trim_threshold
 .data.__global_locale
                0x20000504      0x16c c:/program files (x86)/atollic/truestudio for stm32 9.3.0/armtools/bin/../lib/gcc/arm-atollic-eabi/6.3.1/../../../../arm-atollic-eabi/lib/armv7e-m/fpu\libc.a(lib_a-locale.o)
                0x20000504                __global_locale
                0x20000670                . = ALIGN (0x4)
                0x20000670                _edata = .
                0x08006410                _siccmram = LOADADDR (.ccmram)

.igot.plt       0x20000670        0x0 load address 0x08006410
 .igot.plt      0x20000670        0x0 c:/program files (x86)/atollic/truestudio for stm32 9.3.0/armtools/bin/../lib/gcc/arm-atollic-eabi/6.3.1/armv7e-m/fpu/crtbegin.o

.ccmram         0x10000000        0x0 load address 0x08006410
                0x10000000                . = ALIGN (0x4)
                0x10000000                _sccmram = .
 *(.ccmram)
 *(.ccmram*)
                0x10000000                . = ALIGN (0x4)
                0x10000000                _eccmram = .
                0x10000000                . = ALIGN (0x4)

.bss            0x20000670      0x6d0
                0x20000670                _sbss = .
                0x20000670                __bss_start__ = _sbss
 *(.bss)
 .bss           0x20000670       0x1c c:/program files (x86)/atollic/truestudio for stm32 9.3.0/armtools/bin/../lib/gcc/arm-atollic-eabi/6.3.1/armv7e-m/fpu/crtbegin.o
 *(.bss*)
 .bss.m_user_context
                0x2000068c      0x11c user\app_cli\app_cli.o
 .bss.m_registered_cmd
                0x200007a8       0x44 user\app_cli\app_shell.o
 .bss.m_param_buffer
                0x200007ec       0x40 user\app_cli\app_shell.o
 .bss.m_loop_back
                0x2000082c        0x1 user\app_cli\app_shell.o
 *fill*         0x2000082d        0x3 
 .bss.m_context
                0x20000830        0x4 user\app_cli\app_shell.o
 .bss.printed.5789
                0x20000834        0x1 user\app_cli\app_shell.o
 *fill*         0x20000835        0x3 
 .bss.tmp_cmd.5823
                0x20000838        0x4 user\app_cli\app_shell.o
 .bss.tmp_cmd_str.5824
                0x2000083c        0x4 user\app_cli\app_shell.o
 .bss._acUpBuffer
                0x20000840      0x400 user\os_debug\RTT\SEGGER_RTT.o
 .bss._acDownBuffer
                0x20000c40       0x10 user\os_debug\RTT\SEGGER_RTT.o
 .bss.__malloc_current_mallinfo
                0x20000c50       0x28 c:/program files (x86)/atollic/truestudio for stm32 9.3.0/armtools/bin/../lib/gcc/arm-atollic-eabi/6.3.1/../../../../arm-atollic-eabi/lib/armv7e-m/fpu\libc.a(lib_a-mallocr.o)
                0x20000c50                __malloc_current_mallinfo
 .bss.__malloc_max_sbrked_mem
                0x20000c78        0x4 c:/program files (x86)/atollic/truestudio for stm32 9.3.0/armtools/bin/../lib/gcc/arm-atollic-eabi/6.3.1/../../../../arm-atollic-eabi/lib/armv7e-m/fpu\libc.a(lib_a-mallocr.o)
                0x20000c78                __malloc_max_sbrked_mem
 .bss.__malloc_max_total_mem
                0x20000c7c        0x4 c:/program files (x86)/atollic/truestudio for stm32 9.3.0/armtools/bin/../lib/gcc/arm-atollic-eabi/6.3.1/../../../../arm-atollic-eabi/lib/armv7e-m/fpu\libc.a(lib_a-mallocr.o)
                0x20000c7c                __malloc_max_total_mem
 .bss.__malloc_top_pad
                0x20000c80        0x4 c:/program files (x86)/atollic/truestudio for stm32 9.3.0/armtools/bin/../lib/gcc/arm-atollic-eabi/6.3.1/../../../../arm-atollic-eabi/lib/armv7e-m/fpu\libc.a(lib_a-mallocr.o)
                0x20000c80                __malloc_top_pad
 .bss.heap_end.5239
                0x20000c84        0x4 c:/program files (x86)/atollic/truestudio for stm32 9.3.0/armtools/bin/../lib/gcc/arm-atollic-eabi/6.3.1/../../../../arm-atollic-eabi/lib/armv7e-m/fpu\libnosys.a(sbrk.o)
 *(COMMON)
 COMMON         0x20000c88       0xa8 user\os_debug\RTT\SEGGER_RTT.o
                0x20000c88                _SEGGER_RTT
 COMMON         0x20000d30        0x9 c:/program files (x86)/atollic/truestudio for stm32 9.3.0/armtools/bin/../lib/gcc/arm-atollic-eabi/6.3.1/../../../../arm-atollic-eabi/lib/armv7e-m/fpu\libc.a(lib_a-lock.o)
                0x20000d30                __lock___atexit_recursive_mutex
                0x20000d31                __lock___arc4random_mutex
                0x20000d32                __lock___env_recursive_mutex
                0x20000d33                __lock___sinit_recursive_mutex
                0x20000d34                __lock___malloc_recursive_mutex
                0x20000d35                __lock___at_quick_exit_mutex
                0x20000d36                __lock___dd_hash_mutex
                0x20000d37                __lock___tz_mutex
                0x20000d38                __lock___sfp_recursive_mutex
 *fill*         0x20000d39        0x3 
 COMMON         0x20000d3c        0x4 c:/program files (x86)/atollic/truestudio for stm32 9.3.0/armtools/bin/../lib/gcc/arm-atollic-eabi/6.3.1/../../../../arm-atollic-eabi/lib/armv7e-m/fpu\libc.a(lib_a-reent.o)
                0x20000d3c                errno
                0x20000d40                . = ALIGN (0x4)
                0x20000d40                _ebss = .
                0x20000d40                __bss_end__ = _ebss

._user_heap_stack
                0x20000d40      0x200
                0x20000d40                . = ALIGN (0x4)
                0x20000d40                PROVIDE (end, .)
                [!provide]                PROVIDE (_end, .)
                0x20000d40                . = (. + _Min_Heap_Size)
                0x20000f40                . = (. + _Min_Stack_Size)
 *fill*         0x20000d40      0x200 
                0x20000f40                . = ALIGN (0x4)

.memory_b1_text
 *(.mb1text)
 *(.mb1text*)
 *(.mb1rodata)
 *(.mb1rodata*)

/DISCARD/
 libc.a(*)
 libm.a(*)
 libgcc.a(*)

.ARM.attributes
                0x00000000       0x30
 *(.ARM.attributes)
 .ARM.attributes
                0x00000000       0x22 c:/program files (x86)/atollic/truestudio for stm32 9.3.0/armtools/bin/../lib/gcc/arm-atollic-eabi/6.3.1/armv7e-m/fpu/crti.o
 .ARM.attributes
                0x00000022       0x34 c:/program files (x86)/atollic/truestudio for stm32 9.3.0/armtools/bin/../lib/gcc/arm-atollic-eabi/6.3.1/armv7e-m/fpu/crtbegin.o
 .ARM.attributes
                0x00000056       0x39 src\main.o
 .ARM.attributes
                0x0000008f       0x21 src\startup_stm32f40xx.o
 .ARM.attributes
                0x000000b0       0x39 src\stm32f4xx_it.o
 .ARM.attributes
                0x000000e9       0x39 src\system_stm32f4xx.o
 .ARM.attributes
                0x00000122       0x39 user\app_cli\app_cli.o
 .ARM.attributes
                0x0000015b       0x39 user\app_cli\app_shell.o
 .ARM.attributes
                0x00000194       0x39 user\os_debug\RTT\SEGGER_RTT.o
 .ARM.attributes
                0x000001cd       0x39 user\os_debug\RTT\SEGGER_RTT_printf.o
 .ARM.attributes
                0x00000206       0x39 user\os_debug\app_debug.o
 .ARM.attributes
                0x0000023f       0x34 c:/program files (x86)/atollic/truestudio for stm32 9.3.0/armtools/bin/../lib/gcc/arm-atollic-eabi/6.3.1/../../../../arm-atollic-eabi/lib/armv7e-m/fpu\libc.a(lib_a-init.o)
 .ARM.attributes
                0x00000273       0x34 c:/program files (x86)/atollic/truestudio for stm32 9.3.0/armtools/bin/../lib/gcc/arm-atollic-eabi/6.3.1/../../../../arm-atollic-eabi/lib/armv7e-m/fpu\libc.a(lib_a-memcpy-stub.o)
 .ARM.attributes
                0x000002a7       0x34 c:/program files (x86)/atollic/truestudio for stm32 9.3.0/armtools/bin/../lib/gcc/arm-atollic-eabi/6.3.1/../../../../arm-atollic-eabi/lib/armv7e-m/fpu\libc.a(lib_a-memmove.o)
 .ARM.attributes
                0x000002db       0x34 c:/program files (x86)/atollic/truestudio for stm32 9.3.0/armtools/bin/../lib/gcc/arm-atollic-eabi/6.3.1/../../../../arm-atollic-eabi/lib/armv7e-m/fpu\libc.a(lib_a-memset.o)
 .ARM.attributes
                0x0000030f       0x1b c:/program files (x86)/atollic/truestudio for stm32 9.3.0/armtools/bin/../lib/gcc/arm-atollic-eabi/6.3.1/../../../../arm-atollic-eabi/lib/armv7e-m/fpu\libc.a(lib_a-strlen.o)
 .ARM.attributes
                0x0000032a       0x34 c:/program files (x86)/atollic/truestudio for stm32 9.3.0/armtools/bin/../lib/gcc/arm-atollic-eabi/6.3.1/../../../../arm-atollic-eabi/lib/armv7e-m/fpu\libc.a(lib_a-vsnprintf.o)
 .ARM.attributes
                0x0000035e       0x34 c:/program files (x86)/atollic/truestudio for stm32 9.3.0/armtools/bin/../lib/gcc/arm-atollic-eabi/6.3.1/../../../../arm-atollic-eabi/lib/armv7e-m/fpu\libc.a(lib_a-impure.o)
 .ARM.attributes
                0x00000392       0x34 c:/program files (x86)/atollic/truestudio for stm32 9.3.0/armtools/bin/../lib/gcc/arm-atollic-eabi/6.3.1/../../../../arm-atollic-eabi/lib/armv7e-m/fpu\libc.a(lib_a-svfprintf.o)
 .ARM.attributes
                0x000003c6       0x34 c:/program files (x86)/atollic/truestudio for stm32 9.3.0/armtools/bin/../lib/gcc/arm-atollic-eabi/6.3.1/../../../../arm-atollic-eabi/lib/armv7e-m/fpu\libc.a(lib_a-dtoa.o)
 .ARM.attributes
                0x000003fa       0x34 c:/program files (x86)/atollic/truestudio for stm32 9.3.0/armtools/bin/../lib/gcc/arm-atollic-eabi/6.3.1/../../../../arm-atollic-eabi/lib/armv7e-m/fpu\libc.a(lib_a-localeconv.o)
 .ARM.attributes
                0x0000042e       0x34 c:/program files (x86)/atollic/truestudio for stm32 9.3.0/armtools/bin/../lib/gcc/arm-atollic-eabi/6.3.1/../../../../arm-atollic-eabi/lib/armv7e-m/fpu\libc.a(lib_a-malloc.o)
 .ARM.attributes
                0x00000462       0x34 c:/program files (x86)/atollic/truestudio for stm32 9.3.0/armtools/bin/../lib/gcc/arm-atollic-eabi/6.3.1/../../../../arm-atollic-eabi/lib/armv7e-m/fpu\libc.a(lib_a-mallocr.o)
 .ARM.attributes
                0x00000496       0x20 c:/program files (x86)/atollic/truestudio for stm32 9.3.0/armtools/bin/../lib/gcc/arm-atollic-eabi/6.3.1/../../../../arm-atollic-eabi/lib/armv7e-m/fpu\libc.a(lib_a-memchr.o)
 .ARM.attributes
                0x000004b6       0x34 c:/program files (x86)/atollic/truestudio for stm32 9.3.0/armtools/bin/../lib/gcc/arm-atollic-eabi/6.3.1/../../../../arm-atollic-eabi/lib/armv7e-m/fpu\libc.a(lib_a-mlock.o)
 .ARM.attributes
                0x000004ea       0x34 c:/program files (x86)/atollic/truestudio for stm32 9.3.0/armtools/bin/../lib/gcc/arm-atollic-eabi/6.3.1/../../../../arm-atollic-eabi/lib/armv7e-m/fpu\libc.a(lib_a-mprec.o)
 .ARM.attributes
                0x0000051e       0x34 c:/program files (x86)/atollic/truestudio for stm32 9.3.0/armtools/bin/../lib/gcc/arm-atollic-eabi/6.3.1/../../../../arm-atollic-eabi/lib/armv7e-m/fpu\libc.a(lib_a-sbrkr.o)
 .ARM.attributes
                0x00000552       0x34 c:/program files (x86)/atollic/truestudio for stm32 9.3.0/armtools/bin/../lib/gcc/arm-atollic-eabi/6.3.1/../../../../arm-atollic-eabi/lib/armv7e-m/fpu\libc.a(lib_a-svfiprintf.o)
 .ARM.attributes
                0x00000586       0x34 c:/program files (x86)/atollic/truestudio for stm32 9.3.0/armtools/bin/../lib/gcc/arm-atollic-eabi/6.3.1/../../../../arm-atollic-eabi/lib/armv7e-m/fpu\libc.a(lib_a-callocr.o)
 .ARM.attributes
                0x000005ba       0x34 c:/program files (x86)/atollic/truestudio for stm32 9.3.0/armtools/bin/../lib/gcc/arm-atollic-eabi/6.3.1/../../../../arm-atollic-eabi/lib/armv7e-m/fpu\libc.a(lib_a-freer.o)
 .ARM.attributes
                0x000005ee       0x34 c:/program files (x86)/atollic/truestudio for stm32 9.3.0/armtools/bin/../lib/gcc/arm-atollic-eabi/6.3.1/../../../../arm-atollic-eabi/lib/armv7e-m/fpu\libc.a(lib_a-locale.o)
 .ARM.attributes
                0x00000622       0x34 c:/program files (x86)/atollic/truestudio for stm32 9.3.0/armtools/bin/../lib/gcc/arm-atollic-eabi/6.3.1/../../../../arm-atollic-eabi/lib/armv7e-m/fpu\libc.a(lib_a-lock.o)
 .ARM.attributes
                0x00000656       0x34 c:/program files (x86)/atollic/truestudio for stm32 9.3.0/armtools/bin/../lib/gcc/arm-atollic-eabi/6.3.1/../../../../arm-atollic-eabi/lib/armv7e-m/fpu\libc.a(lib_a-mbtowc_r.o)
 .ARM.attributes
                0x0000068a       0x34 c:/program files (x86)/atollic/truestudio for stm32 9.3.0/armtools/bin/../lib/gcc/arm-atollic-eabi/6.3.1/../../../../arm-atollic-eabi/lib/armv7e-m/fpu\libc.a(lib_a-reallocr.o)
 .ARM.attributes
                0x000006be       0x34 c:/program files (x86)/atollic/truestudio for stm32 9.3.0/armtools/bin/../lib/gcc/arm-atollic-eabi/6.3.1/../../../../arm-atollic-eabi/lib/armv7e-m/fpu\libc.a(lib_a-reent.o)
 .ARM.attributes
                0x000006f2       0x34 c:/program files (x86)/atollic/truestudio for stm32 9.3.0/armtools/bin/../lib/gcc/arm-atollic-eabi/6.3.1/../../../../arm-atollic-eabi/lib/armv7e-m/fpu\libc.a(lib_a-wctomb_r.o)
 .ARM.attributes
                0x00000726       0x34 c:/program files (x86)/atollic/truestudio for stm32 9.3.0/armtools/bin/../lib/gcc/arm-atollic-eabi/6.3.1/../../../../arm-atollic-eabi/lib/armv7e-m/fpu\libc.a(lib_a-ctype_.o)
 .ARM.attributes
                0x0000075a       0x22 c:/program files (x86)/atollic/truestudio for stm32 9.3.0/armtools/bin/../lib/gcc/arm-atollic-eabi/6.3.1/armv7e-m/fpu\libgcc.a(_arm_addsubdf3.o)
 .ARM.attributes
                0x0000077c       0x22 c:/program files (x86)/atollic/truestudio for stm32 9.3.0/armtools/bin/../lib/gcc/arm-atollic-eabi/6.3.1/armv7e-m/fpu\libgcc.a(_arm_muldivdf3.o)
 .ARM.attributes
                0x0000079e       0x22 c:/program files (x86)/atollic/truestudio for stm32 9.3.0/armtools/bin/../lib/gcc/arm-atollic-eabi/6.3.1/armv7e-m/fpu\libgcc.a(_arm_cmpdf2.o)
 .ARM.attributes
                0x000007c0       0x22 c:/program files (x86)/atollic/truestudio for stm32 9.3.0/armtools/bin/../lib/gcc/arm-atollic-eabi/6.3.1/armv7e-m/fpu\libgcc.a(_arm_unorddf2.o)
 .ARM.attributes
                0x000007e2       0x22 c:/program files (x86)/atollic/truestudio for stm32 9.3.0/armtools/bin/../lib/gcc/arm-atollic-eabi/6.3.1/armv7e-m/fpu\libgcc.a(_arm_fixdfsi.o)
 .ARM.attributes
                0x00000804       0x22 c:/program files (x86)/atollic/truestudio for stm32 9.3.0/armtools/bin/../lib/gcc/arm-atollic-eabi/6.3.1/armv7e-m/fpu\libgcc.a(_aeabi_uldivmod.o)
 .ARM.attributes
                0x00000826       0x34 c:/program files (x86)/atollic/truestudio for stm32 9.3.0/armtools/bin/../lib/gcc/arm-atollic-eabi/6.3.1/armv7e-m/fpu\libgcc.a(_udivmoddi4.o)
 .ARM.attributes
                0x0000085a       0x22 c:/program files (x86)/atollic/truestudio for stm32 9.3.0/armtools/bin/../lib/gcc/arm-atollic-eabi/6.3.1/armv7e-m/fpu\libgcc.a(_dvmd_tls.o)
 .ARM.attributes
                0x0000087c       0x34 c:/program files (x86)/atollic/truestudio for stm32 9.3.0/armtools/bin/../lib/gcc/arm-atollic-eabi/6.3.1/../../../../arm-atollic-eabi/lib/armv7e-m/fpu\libnosys.a(sbrk.o)
 .ARM.attributes
                0x000008b0       0x22 c:/program files (x86)/atollic/truestudio for stm32 9.3.0/armtools/bin/../lib/gcc/arm-atollic-eabi/6.3.1/armv7e-m/fpu/crtn.o
OUTPUT(app_cli.elf elf32-littlearm)

.debug_info     0x00000000     0x5aa1
 .debug_info    0x00000000       0xd0 src\main.o
 .debug_info    0x000000d0       0x5f src\startup_stm32f40xx.o
 .debug_info    0x0000012f      0x154 src\stm32f4xx_it.o
 .debug_info    0x00000283      0x5dd src\system_stm32f4xx.o
 .debug_info    0x00000860     0x104f user\app_cli\app_cli.o
 .debug_info    0x000018af     0x101d user\app_cli\app_shell.o
 .debug_info    0x000028cc     0x18b0 user\os_debug\RTT\SEGGER_RTT.o
 .debug_info    0x0000417c      0xd55 user\os_debug\RTT\SEGGER_RTT_printf.o
 .debug_info    0x00004ed1      0xbd0 user\os_debug\app_debug.o

.debug_abbrev   0x00000000      0xe45
 .debug_abbrev  0x00000000       0x7a src\main.o
 .debug_abbrev  0x0000007a       0x12 src\startup_stm32f40xx.o
 .debug_abbrev  0x0000008c       0x78 src\stm32f4xx_it.o
 .debug_abbrev  0x00000104      0x158 src\system_stm32f4xx.o
 .debug_abbrev  0x0000025c      0x287 user\app_cli\app_cli.o
 .debug_abbrev  0x000004e3      0x28d user\app_cli\app_shell.o
 .debug_abbrev  0x00000770      0x29d user\os_debug\RTT\SEGGER_RTT.o
 .debug_abbrev  0x00000a0d      0x237 user\os_debug\RTT\SEGGER_RTT_printf.o
 .debug_abbrev  0x00000c44      0x201 user\os_debug\app_debug.o

.debug_aranges  0x00000000      0x350
 .debug_aranges
                0x00000000       0x20 src\main.o
 .debug_aranges
                0x00000020       0x28 src\startup_stm32f40xx.o
 .debug_aranges
                0x00000048       0x60 src\stm32f4xx_it.o
 .debug_aranges
                0x000000a8       0x30 src\system_stm32f4xx.o
 .debug_aranges
                0x000000d8       0x58 user\app_cli\app_cli.o
 .debug_aranges
                0x00000130       0x80 user\app_cli\app_shell.o
 .debug_aranges
                0x000001b0      0x138 user\os_debug\RTT\SEGGER_RTT.o
 .debug_aranges
                0x000002e8       0x40 user\os_debug\RTT\SEGGER_RTT_printf.o
 .debug_aranges
                0x00000328       0x28 user\os_debug\app_debug.o

.debug_ranges   0x00000000      0x2e0
 .debug_ranges  0x00000000       0x10 src\main.o
 .debug_ranges  0x00000010       0x20 src\startup_stm32f40xx.o
 .debug_ranges  0x00000030       0x50 src\stm32f4xx_it.o
 .debug_ranges  0x00000080       0x20 src\system_stm32f4xx.o
 .debug_ranges  0x000000a0       0x48 user\app_cli\app_cli.o
 .debug_ranges  0x000000e8       0x70 user\app_cli\app_shell.o
 .debug_ranges  0x00000158      0x128 user\os_debug\RTT\SEGGER_RTT.o
 .debug_ranges  0x00000280       0x48 user\os_debug\RTT\SEGGER_RTT_printf.o
 .debug_ranges  0x000002c8       0x18 user\os_debug\app_debug.o

.debug_line     0x00000000     0x1b8c
 .debug_line    0x00000000      0x190 src\main.o
 .debug_line    0x00000190       0x7a src\startup_stm32f40xx.o
 .debug_line    0x0000020a      0x227 src\stm32f4xx_it.o
 .debug_line    0x00000431      0x217 src\system_stm32f4xx.o
 .debug_line    0x00000648      0x3f6 user\app_cli\app_cli.o
 .debug_line    0x00000a3e      0x48b user\app_cli\app_shell.o
 .debug_line    0x00000ec9      0x652 user\os_debug\RTT\SEGGER_RTT.o
 .debug_line    0x0000151b      0x354 user\os_debug\RTT\SEGGER_RTT_printf.o
 .debug_line    0x0000186f      0x31d user\os_debug\app_debug.o

.debug_str      0x00000000     0x12a2
 .debug_str     0x00000000      0x184 src\main.o
                                0x1c9 (size before relaxing)
 .debug_str     0x00000184       0xa6 src\stm32f4xx_it.o
                                0x25c (size before relaxing)
 .debug_str     0x0000022a      0x21e src\system_stm32f4xx.o
                                0x3ef (size before relaxing)
 .debug_str     0x00000448      0x6f3 user\app_cli\app_cli.o
                                0x9b4 (size before relaxing)
 .debug_str     0x00000b3b      0x1ee user\app_cli\app_shell.o
                                0x9ae (size before relaxing)
 .debug_str     0x00000d29      0x407 user\os_debug\RTT\SEGGER_RTT.o
                                0xa7a (size before relaxing)
 .debug_str     0x00001130      0x105 user\os_debug\RTT\SEGGER_RTT_printf.o
                                0x79e (size before relaxing)
 .debug_str     0x00001235       0x6d user\os_debug\app_debug.o
                                0x74c (size before relaxing)

.comment        0x00000000       0x7c
 .comment       0x00000000       0x7c src\main.o
                                 0x7d (size before relaxing)
 .comment       0x0000007c       0x7d src\stm32f4xx_it.o
 .comment       0x0000007c       0x7d src\system_stm32f4xx.o
 .comment       0x0000007c       0x7d user\app_cli\app_cli.o
 .comment       0x0000007c       0x7d user\app_cli\app_shell.o
 .comment       0x0000007c       0x7d user\os_debug\RTT\SEGGER_RTT.o
 .comment       0x0000007c       0x7d user\os_debug\RTT\SEGGER_RTT_printf.o
 .comment       0x0000007c       0x7d user\os_debug\app_debug.o

.debug_frame    0x00000000     0x1614
 .debug_frame   0x00000000       0x2c src\main.o
 .debug_frame   0x0000002c      0x110 src\stm32f4xx_it.o
 .debug_frame   0x0000013c       0x7c src\system_stm32f4xx.o
 .debug_frame   0x000001b8      0x134 user\app_cli\app_cli.o
 .debug_frame   0x000002ec      0x208 user\app_cli\app_shell.o
 .debug_frame   0x000004f4      0x530 user\os_debug\RTT\SEGGER_RTT.o
 .debug_frame   0x00000a24       0xe0 user\os_debug\RTT\SEGGER_RTT_printf.o
 .debug_frame   0x00000b04       0x70 user\os_debug\app_debug.o
 .debug_frame   0x00000b74       0x2c c:/program files (x86)/atollic/truestudio for stm32 9.3.0/armtools/bin/../lib/gcc/arm-atollic-eabi/6.3.1/../../../../arm-atollic-eabi/lib/armv7e-m/fpu\libc.a(lib_a-init.o)
 .debug_frame   0x00000ba0       0x28 c:/program files (x86)/atollic/truestudio for stm32 9.3.0/armtools/bin/../lib/gcc/arm-atollic-eabi/6.3.1/../../../../arm-atollic-eabi/lib/armv7e-m/fpu\libc.a(lib_a-memcpy-stub.o)
 .debug_frame   0x00000bc8       0x28 c:/program files (x86)/atollic/truestudio for stm32 9.3.0/armtools/bin/../lib/gcc/arm-atollic-eabi/6.3.1/../../../../arm-atollic-eabi/lib/armv7e-m/fpu\libc.a(lib_a-memmove.o)
 .debug_frame   0x00000bf0       0x20 c:/program files (x86)/atollic/truestudio for stm32 9.3.0/armtools/bin/../lib/gcc/arm-atollic-eabi/6.3.1/../../../../arm-atollic-eabi/lib/armv7e-m/fpu\libc.a(lib_a-memset.o)
 .debug_frame   0x00000c10       0x4c c:/program files (x86)/atollic/truestudio for stm32 9.3.0/armtools/bin/../lib/gcc/arm-atollic-eabi/6.3.1/../../../../arm-atollic-eabi/lib/armv7e-m/fpu\libc.a(lib_a-vsnprintf.o)
 .debug_frame   0x00000c5c       0x40 c:/program files (x86)/atollic/truestudio for stm32 9.3.0/armtools/bin/../lib/gcc/arm-atollic-eabi/6.3.1/../../../../arm-atollic-eabi/lib/armv7e-m/fpu\libc.a(lib_a-svfprintf.o)
 .debug_frame   0x00000c9c       0x6c c:/program files (x86)/atollic/truestudio for stm32 9.3.0/armtools/bin/../lib/gcc/arm-atollic-eabi/6.3.1/../../../../arm-atollic-eabi/lib/armv7e-m/fpu\libc.a(lib_a-dtoa.o)
 .debug_frame   0x00000d08       0x40 c:/program files (x86)/atollic/truestudio for stm32 9.3.0/armtools/bin/../lib/gcc/arm-atollic-eabi/6.3.1/../../../../arm-atollic-eabi/lib/armv7e-m/fpu\libc.a(lib_a-localeconv.o)
 .debug_frame   0x00000d48       0x30 c:/program files (x86)/atollic/truestudio for stm32 9.3.0/armtools/bin/../lib/gcc/arm-atollic-eabi/6.3.1/../../../../arm-atollic-eabi/lib/armv7e-m/fpu\libc.a(lib_a-malloc.o)
 .debug_frame   0x00000d78       0x40 c:/program files (x86)/atollic/truestudio for stm32 9.3.0/armtools/bin/../lib/gcc/arm-atollic-eabi/6.3.1/../../../../arm-atollic-eabi/lib/armv7e-m/fpu\libc.a(lib_a-mallocr.o)
 .debug_frame   0x00000db8       0x30 c:/program files (x86)/atollic/truestudio for stm32 9.3.0/armtools/bin/../lib/gcc/arm-atollic-eabi/6.3.1/../../../../arm-atollic-eabi/lib/armv7e-m/fpu\libc.a(lib_a-mlock.o)
 .debug_frame   0x00000de8      0x240 c:/program files (x86)/atollic/truestudio for stm32 9.3.0/armtools/bin/../lib/gcc/arm-atollic-eabi/6.3.1/../../../../arm-atollic-eabi/lib/armv7e-m/fpu\libc.a(lib_a-mprec.o)
 .debug_frame   0x00001028       0x2c c:/program files (x86)/atollic/truestudio for stm32 9.3.0/armtools/bin/../lib/gcc/arm-atollic-eabi/6.3.1/../../../../arm-atollic-eabi/lib/armv7e-m/fpu\libc.a(lib_a-sbrkr.o)
 .debug_frame   0x00001054       0x6c c:/program files (x86)/atollic/truestudio for stm32 9.3.0/armtools/bin/../lib/gcc/arm-atollic-eabi/6.3.1/../../../../arm-atollic-eabi/lib/armv7e-m/fpu\libc.a(lib_a-svfiprintf.o)
 .debug_frame   0x000010c0       0x28 c:/program files (x86)/atollic/truestudio for stm32 9.3.0/armtools/bin/../lib/gcc/arm-atollic-eabi/6.3.1/../../../../arm-atollic-eabi/lib/armv7e-m/fpu\libc.a(lib_a-callocr.o)
 .debug_frame   0x000010e8       0x60 c:/program files (x86)/atollic/truestudio for stm32 9.3.0/armtools/bin/../lib/gcc/arm-atollic-eabi/6.3.1/../../../../arm-atollic-eabi/lib/armv7e-m/fpu\libc.a(lib_a-freer.o)
 .debug_frame   0x00001148       0x68 c:/program files (x86)/atollic/truestudio for stm32 9.3.0/armtools/bin/../lib/gcc/arm-atollic-eabi/6.3.1/../../../../arm-atollic-eabi/lib/armv7e-m/fpu\libc.a(lib_a-locale.o)
 .debug_frame   0x000011b0       0xb0 c:/program files (x86)/atollic/truestudio for stm32 9.3.0/armtools/bin/../lib/gcc/arm-atollic-eabi/6.3.1/../../../../arm-atollic-eabi/lib/armv7e-m/fpu\libc.a(lib_a-lock.o)
 .debug_frame   0x00001260       0x48 c:/program files (x86)/atollic/truestudio for stm32 9.3.0/armtools/bin/../lib/gcc/arm-atollic-eabi/6.3.1/../../../../arm-atollic-eabi/lib/armv7e-m/fpu\libc.a(lib_a-mbtowc_r.o)
 .debug_frame   0x000012a8       0x50 c:/program files (x86)/atollic/truestudio for stm32 9.3.0/armtools/bin/../lib/gcc/arm-atollic-eabi/6.3.1/../../../../arm-atollic-eabi/lib/armv7e-m/fpu\libc.a(lib_a-reallocr.o)
 .debug_frame   0x000012f8       0x5c c:/program files (x86)/atollic/truestudio for stm32 9.3.0/armtools/bin/../lib/gcc/arm-atollic-eabi/6.3.1/../../../../arm-atollic-eabi/lib/armv7e-m/fpu\libc.a(lib_a-reent.o)
 .debug_frame   0x00001354       0x3c c:/program files (x86)/atollic/truestudio for stm32 9.3.0/armtools/bin/../lib/gcc/arm-atollic-eabi/6.3.1/../../../../arm-atollic-eabi/lib/armv7e-m/fpu\libc.a(lib_a-wctomb_r.o)
 .debug_frame   0x00001390       0xac c:/program files (x86)/atollic/truestudio for stm32 9.3.0/armtools/bin/../lib/gcc/arm-atollic-eabi/6.3.1/armv7e-m/fpu\libgcc.a(_arm_addsubdf3.o)
 .debug_frame   0x0000143c       0x50 c:/program files (x86)/atollic/truestudio for stm32 9.3.0/armtools/bin/../lib/gcc/arm-atollic-eabi/6.3.1/armv7e-m/fpu\libgcc.a(_arm_muldivdf3.o)
 .debug_frame   0x0000148c       0xc4 c:/program files (x86)/atollic/truestudio for stm32 9.3.0/armtools/bin/../lib/gcc/arm-atollic-eabi/6.3.1/armv7e-m/fpu\libgcc.a(_arm_cmpdf2.o)
 .debug_frame   0x00001550       0x20 c:/program files (x86)/atollic/truestudio for stm32 9.3.0/armtools/bin/../lib/gcc/arm-atollic-eabi/6.3.1/armv7e-m/fpu\libgcc.a(_arm_unorddf2.o)
 .debug_frame   0x00001570       0x24 c:/program files (x86)/atollic/truestudio for stm32 9.3.0/armtools/bin/../lib/gcc/arm-atollic-eabi/6.3.1/armv7e-m/fpu\libgcc.a(_arm_fixdfsi.o)
 .debug_frame   0x00001594       0x2c c:/program files (x86)/atollic/truestudio for stm32 9.3.0/armtools/bin/../lib/gcc/arm-atollic-eabi/6.3.1/armv7e-m/fpu\libgcc.a(_aeabi_uldivmod.o)
 .debug_frame   0x000015c0       0x34 c:/program files (x86)/atollic/truestudio for stm32 9.3.0/armtools/bin/../lib/gcc/arm-atollic-eabi/6.3.1/armv7e-m/fpu\libgcc.a(_udivmoddi4.o)
 .debug_frame   0x000015f4       0x20 c:/program files (x86)/atollic/truestudio for stm32 9.3.0/armtools/bin/../lib/gcc/arm-atollic-eabi/6.3.1/../../../../arm-atollic-eabi/lib/armv7e-m/fpu\libnosys.a(sbrk.o)

.stabstr        0x00000000       0x3f
 .stabstr       0x00000000       0x3f c:/program files (x86)/atollic/truestudio for stm32 9.3.0/armtools/bin/../lib/gcc/arm-atollic-eabi/6.3.1/../../../../arm-atollic-eabi/lib/armv7e-m/fpu\libnosys.a(write.o)

Cross Reference Table

Symbol                                            File
ADC_AnalogWatchdogCmd                             Libraries\STM32F4xx_StdPeriph_Driver\src\stm32f4xx_adc.o
ADC_AnalogWatchdogSingleChannelConfig             Libraries\STM32F4xx_StdPeriph_Driver\src\stm32f4xx_adc.o
ADC_AnalogWatchdogThresholdsConfig                Libraries\STM32F4xx_StdPeriph_Driver\src\stm32f4xx_adc.o
ADC_AutoInjectedConvCmd                           Libraries\STM32F4xx_StdPeriph_Driver\src\stm32f4xx_adc.o
ADC_ClearFlag                                     Libraries\STM32F4xx_StdPeriph_Driver\src\stm32f4xx_adc.o
ADC_ClearITPendingBit                             Libraries\STM32F4xx_StdPeriph_Driver\src\stm32f4xx_adc.o
ADC_Cmd                                           Libraries\STM32F4xx_StdPeriph_Driver\src\stm32f4xx_adc.o
ADC_CommonInit                                    Libraries\STM32F4xx_StdPeriph_Driver\src\stm32f4xx_adc.o
ADC_CommonStructInit                              Libraries\STM32F4xx_StdPeriph_Driver\src\stm32f4xx_adc.o
ADC_ContinuousModeCmd                             Libraries\STM32F4xx_StdPeriph_Driver\src\stm32f4xx_adc.o
ADC_DMACmd                                        Libraries\STM32F4xx_StdPeriph_Driver\src\stm32f4xx_adc.o
ADC_DMARequestAfterLastTransferCmd                Libraries\STM32F4xx_StdPeriph_Driver\src\stm32f4xx_adc.o
ADC_DeInit                                        Libraries\STM32F4xx_StdPeriph_Driver\src\stm32f4xx_adc.o
ADC_DiscModeChannelCountConfig                    Libraries\STM32F4xx_StdPeriph_Driver\src\stm32f4xx_adc.o
ADC_DiscModeCmd                                   Libraries\STM32F4xx_StdPeriph_Driver\src\stm32f4xx_adc.o
ADC_EOCOnEachRegularChannelCmd                    Libraries\STM32F4xx_StdPeriph_Driver\src\stm32f4xx_adc.o
ADC_ExternalTrigInjectedConvConfig                Libraries\STM32F4xx_StdPeriph_Driver\src\stm32f4xx_adc.o
ADC_ExternalTrigInjectedConvEdgeConfig            Libraries\STM32F4xx_StdPeriph_Driver\src\stm32f4xx_adc.o
ADC_GetConversionValue                            Libraries\STM32F4xx_StdPeriph_Driver\src\stm32f4xx_adc.o
ADC_GetFlagStatus                                 Libraries\STM32F4xx_StdPeriph_Driver\src\stm32f4xx_adc.o
ADC_GetITStatus                                   Libraries\STM32F4xx_StdPeriph_Driver\src\stm32f4xx_adc.o
ADC_GetInjectedConversionValue                    Libraries\STM32F4xx_StdPeriph_Driver\src\stm32f4xx_adc.o
ADC_GetMultiModeConversionValue                   Libraries\STM32F4xx_StdPeriph_Driver\src\stm32f4xx_adc.o
ADC_GetSoftwareStartConvStatus                    Libraries\STM32F4xx_StdPeriph_Driver\src\stm32f4xx_adc.o
ADC_GetSoftwareStartInjectedConvCmdStatus         Libraries\STM32F4xx_StdPeriph_Driver\src\stm32f4xx_adc.o
ADC_IRQHandler                                    src\startup_stm32f40xx.o
ADC_ITConfig                                      Libraries\STM32F4xx_StdPeriph_Driver\src\stm32f4xx_adc.o
ADC_Init                                          Libraries\STM32F4xx_StdPeriph_Driver\src\stm32f4xx_adc.o
ADC_InjectedChannelConfig                         Libraries\STM32F4xx_StdPeriph_Driver\src\stm32f4xx_adc.o
ADC_InjectedDiscModeCmd                           Libraries\STM32F4xx_StdPeriph_Driver\src\stm32f4xx_adc.o
ADC_InjectedSequencerLengthConfig                 Libraries\STM32F4xx_StdPeriph_Driver\src\stm32f4xx_adc.o
ADC_MultiModeDMARequestAfterLastTransferCmd       Libraries\STM32F4xx_StdPeriph_Driver\src\stm32f4xx_adc.o
ADC_RegularChannelConfig                          Libraries\STM32F4xx_StdPeriph_Driver\src\stm32f4xx_adc.o
ADC_SetInjectedOffset                             Libraries\STM32F4xx_StdPeriph_Driver\src\stm32f4xx_adc.o
ADC_SoftwareStartConv                             Libraries\STM32F4xx_StdPeriph_Driver\src\stm32f4xx_adc.o
ADC_SoftwareStartInjectedConv                     Libraries\STM32F4xx_StdPeriph_Driver\src\stm32f4xx_adc.o
ADC_StructInit                                    Libraries\STM32F4xx_StdPeriph_Driver\src\stm32f4xx_adc.o
ADC_TempSensorVrefintCmd                          Libraries\STM32F4xx_StdPeriph_Driver\src\stm32f4xx_adc.o
ADC_VBATCmd                                       Libraries\STM32F4xx_StdPeriph_Driver\src\stm32f4xx_adc.o
AHBPrescTable                                     src\system_stm32f4xx.o
BusFault_Handler                                  src\stm32f4xx_it.o
                                                  src\startup_stm32f40xx.o
CAN1_RX0_IRQHandler                               src\startup_stm32f40xx.o
CAN1_RX1_IRQHandler                               src\startup_stm32f40xx.o
CAN1_SCE_IRQHandler                               src\startup_stm32f40xx.o
CAN1_TX_IRQHandler                                src\startup_stm32f40xx.o
CAN2_RX0_IRQHandler                               src\startup_stm32f40xx.o
CAN2_RX1_IRQHandler                               src\startup_stm32f40xx.o
CAN2_SCE_IRQHandler                               src\startup_stm32f40xx.o
CAN2_TX_IRQHandler                                src\startup_stm32f40xx.o
CAN_CancelTransmit                                Libraries\STM32F4xx_StdPeriph_Driver\src\stm32f4xx_can.o
CAN_ClearFlag                                     Libraries\STM32F4xx_StdPeriph_Driver\src\stm32f4xx_can.o
CAN_ClearITPendingBit                             Libraries\STM32F4xx_StdPeriph_Driver\src\stm32f4xx_can.o
CAN_DBGFreeze                                     Libraries\STM32F4xx_StdPeriph_Driver\src\stm32f4xx_can.o
CAN_DeInit                                        Libraries\STM32F4xx_StdPeriph_Driver\src\stm32f4xx_can.o
CAN_FIFORelease                                   Libraries\STM32F4xx_StdPeriph_Driver\src\stm32f4xx_can.o
CAN_FilterInit                                    Libraries\STM32F4xx_StdPeriph_Driver\src\stm32f4xx_can.o
CAN_GetFlagStatus                                 Libraries\STM32F4xx_StdPeriph_Driver\src\stm32f4xx_can.o
CAN_GetITStatus                                   Libraries\STM32F4xx_StdPeriph_Driver\src\stm32f4xx_can.o
CAN_GetLSBTransmitErrorCounter                    Libraries\STM32F4xx_StdPeriph_Driver\src\stm32f4xx_can.o
CAN_GetLastErrorCode                              Libraries\STM32F4xx_StdPeriph_Driver\src\stm32f4xx_can.o
CAN_GetReceiveErrorCounter                        Libraries\STM32F4xx_StdPeriph_Driver\src\stm32f4xx_can.o
CAN_ITConfig                                      Libraries\STM32F4xx_StdPeriph_Driver\src\stm32f4xx_can.o
CAN_Init                                          Libraries\STM32F4xx_StdPeriph_Driver\src\stm32f4xx_can.o
CAN_MessagePending                                Libraries\STM32F4xx_StdPeriph_Driver\src\stm32f4xx_can.o
CAN_OperatingModeRequest                          Libraries\STM32F4xx_StdPeriph_Driver\src\stm32f4xx_can.o
CAN_Receive                                       Libraries\STM32F4xx_StdPeriph_Driver\src\stm32f4xx_can.o
CAN_SlaveStartBank                                Libraries\STM32F4xx_StdPeriph_Driver\src\stm32f4xx_can.o
CAN_Sleep                                         Libraries\STM32F4xx_StdPeriph_Driver\src\stm32f4xx_can.o
CAN_StructInit                                    Libraries\STM32F4xx_StdPeriph_Driver\src\stm32f4xx_can.o
CAN_TTComModeCmd                                  Libraries\STM32F4xx_StdPeriph_Driver\src\stm32f4xx_can.o
CAN_Transmit                                      Libraries\STM32F4xx_StdPeriph_Driver\src\stm32f4xx_can.o
CAN_TransmitStatus                                Libraries\STM32F4xx_StdPeriph_Driver\src\stm32f4xx_can.o
CAN_WakeUp                                        Libraries\STM32F4xx_StdPeriph_Driver\src\stm32f4xx_can.o
CRC_CalcBlockCRC                                  Libraries\STM32F4xx_StdPeriph_Driver\src\stm32f4xx_crc.o
CRC_CalcCRC                                       Libraries\STM32F4xx_StdPeriph_Driver\src\stm32f4xx_crc.o
CRC_GetCRC                                        Libraries\STM32F4xx_StdPeriph_Driver\src\stm32f4xx_crc.o
CRC_GetIDRegister                                 Libraries\STM32F4xx_StdPeriph_Driver\src\stm32f4xx_crc.o
CRC_ResetDR                                       Libraries\STM32F4xx_StdPeriph_Driver\src\stm32f4xx_crc.o
CRC_SetIDRegister                                 Libraries\STM32F4xx_StdPeriph_Driver\src\stm32f4xx_crc.o
CRYP_AES_CBC                                      Libraries\STM32F4xx_StdPeriph_Driver\src\stm32f4xx_cryp_aes.o
CRYP_AES_CCM                                      Libraries\STM32F4xx_StdPeriph_Driver\src\stm32f4xx_cryp_aes.o
CRYP_AES_CTR                                      Libraries\STM32F4xx_StdPeriph_Driver\src\stm32f4xx_cryp_aes.o
CRYP_AES_ECB                                      Libraries\STM32F4xx_StdPeriph_Driver\src\stm32f4xx_cryp_aes.o
CRYP_AES_GCM                                      Libraries\STM32F4xx_StdPeriph_Driver\src\stm32f4xx_cryp_aes.o
CRYP_Cmd                                          Libraries\STM32F4xx_StdPeriph_Driver\src\stm32f4xx_cryp.o
                                                  Libraries\STM32F4xx_StdPeriph_Driver\src\stm32f4xx_cryp_tdes.o
                                                  Libraries\STM32F4xx_StdPeriph_Driver\src\stm32f4xx_cryp_des.o
                                                  Libraries\STM32F4xx_StdPeriph_Driver\src\stm32f4xx_cryp_aes.o
CRYP_DES_CBC                                      Libraries\STM32F4xx_StdPeriph_Driver\src\stm32f4xx_cryp_des.o
CRYP_DES_ECB                                      Libraries\STM32F4xx_StdPeriph_Driver\src\stm32f4xx_cryp_des.o
CRYP_DMACmd                                       Libraries\STM32F4xx_StdPeriph_Driver\src\stm32f4xx_cryp.o
CRYP_DataIn                                       Libraries\STM32F4xx_StdPeriph_Driver\src\stm32f4xx_cryp.o
                                                  Libraries\STM32F4xx_StdPeriph_Driver\src\stm32f4xx_cryp_tdes.o
                                                  Libraries\STM32F4xx_StdPeriph_Driver\src\stm32f4xx_cryp_des.o
                                                  Libraries\STM32F4xx_StdPeriph_Driver\src\stm32f4xx_cryp_aes.o
CRYP_DataOut                                      Libraries\STM32F4xx_StdPeriph_Driver\src\stm32f4xx_cryp.o
                                                  Libraries\STM32F4xx_StdPeriph_Driver\src\stm32f4xx_cryp_tdes.o
                                                  Libraries\STM32F4xx_StdPeriph_Driver\src\stm32f4xx_cryp_des.o
                                                  Libraries\STM32F4xx_StdPeriph_Driver\src\stm32f4xx_cryp_aes.o
CRYP_DeInit                                       Libraries\STM32F4xx_StdPeriph_Driver\src\stm32f4xx_cryp.o
CRYP_FIFOFlush                                    Libraries\STM32F4xx_StdPeriph_Driver\src\stm32f4xx_cryp.o
                                                  Libraries\STM32F4xx_StdPeriph_Driver\src\stm32f4xx_cryp_tdes.o
                                                  Libraries\STM32F4xx_StdPeriph_Driver\src\stm32f4xx_cryp_des.o
                                                  Libraries\STM32F4xx_StdPeriph_Driver\src\stm32f4xx_cryp_aes.o
CRYP_GetCmdStatus                                 Libraries\STM32F4xx_StdPeriph_Driver\src\stm32f4xx_cryp.o
                                                  Libraries\STM32F4xx_StdPeriph_Driver\src\stm32f4xx_cryp_tdes.o
                                                  Libraries\STM32F4xx_StdPeriph_Driver\src\stm32f4xx_cryp_des.o
                                                  Libraries\STM32F4xx_StdPeriph_Driver\src\stm32f4xx_cryp_aes.o
CRYP_GetFlagStatus                                Libraries\STM32F4xx_StdPeriph_Driver\src\stm32f4xx_cryp.o
                                                  Libraries\STM32F4xx_StdPeriph_Driver\src\stm32f4xx_cryp_tdes.o
                                                  Libraries\STM32F4xx_StdPeriph_Driver\src\stm32f4xx_cryp_des.o
                                                  Libraries\STM32F4xx_StdPeriph_Driver\src\stm32f4xx_cryp_aes.o
CRYP_GetITStatus                                  Libraries\STM32F4xx_StdPeriph_Driver\src\stm32f4xx_cryp.o
CRYP_IRQHandler                                   src\startup_stm32f40xx.o
CRYP_ITConfig                                     Libraries\STM32F4xx_StdPeriph_Driver\src\stm32f4xx_cryp.o
CRYP_IVInit                                       Libraries\STM32F4xx_StdPeriph_Driver\src\stm32f4xx_cryp.o
                                                  Libraries\STM32F4xx_StdPeriph_Driver\src\stm32f4xx_cryp_tdes.o
                                                  Libraries\STM32F4xx_StdPeriph_Driver\src\stm32f4xx_cryp_des.o
                                                  Libraries\STM32F4xx_StdPeriph_Driver\src\stm32f4xx_cryp_aes.o
CRYP_IVStructInit                                 Libraries\STM32F4xx_StdPeriph_Driver\src\stm32f4xx_cryp.o
CRYP_Init                                         Libraries\STM32F4xx_StdPeriph_Driver\src\stm32f4xx_cryp.o
                                                  Libraries\STM32F4xx_StdPeriph_Driver\src\stm32f4xx_cryp_tdes.o
                                                  Libraries\STM32F4xx_StdPeriph_Driver\src\stm32f4xx_cryp_des.o
                                                  Libraries\STM32F4xx_StdPeriph_Driver\src\stm32f4xx_cryp_aes.o
CRYP_KeyInit                                      Libraries\STM32F4xx_StdPeriph_Driver\src\stm32f4xx_cryp.o
                                                  Libraries\STM32F4xx_StdPeriph_Driver\src\stm32f4xx_cryp_tdes.o
                                                  Libraries\STM32F4xx_StdPeriph_Driver\src\stm32f4xx_cryp_des.o
                                                  Libraries\STM32F4xx_StdPeriph_Driver\src\stm32f4xx_cryp_aes.o
CRYP_KeyStructInit                                Libraries\STM32F4xx_StdPeriph_Driver\src\stm32f4xx_cryp.o
                                                  Libraries\STM32F4xx_StdPeriph_Driver\src\stm32f4xx_cryp_tdes.o
                                                  Libraries\STM32F4xx_StdPeriph_Driver\src\stm32f4xx_cryp_des.o
                                                  Libraries\STM32F4xx_StdPeriph_Driver\src\stm32f4xx_cryp_aes.o
CRYP_PhaseConfig                                  Libraries\STM32F4xx_StdPeriph_Driver\src\stm32f4xx_cryp.o
                                                  Libraries\STM32F4xx_StdPeriph_Driver\src\stm32f4xx_cryp_aes.o
CRYP_RestoreContext                               Libraries\STM32F4xx_StdPeriph_Driver\src\stm32f4xx_cryp.o
CRYP_SaveContext                                  Libraries\STM32F4xx_StdPeriph_Driver\src\stm32f4xx_cryp.o
CRYP_StructInit                                   Libraries\STM32F4xx_StdPeriph_Driver\src\stm32f4xx_cryp.o
CRYP_TDES_CBC                                     Libraries\STM32F4xx_StdPeriph_Driver\src\stm32f4xx_cryp_tdes.o
CRYP_TDES_ECB                                     Libraries\STM32F4xx_StdPeriph_Driver\src\stm32f4xx_cryp_tdes.o
DAC_ClearFlag                                     Libraries\STM32F4xx_StdPeriph_Driver\src\stm32f4xx_dac.o
DAC_ClearITPendingBit                             Libraries\STM32F4xx_StdPeriph_Driver\src\stm32f4xx_dac.o
DAC_Cmd                                           Libraries\STM32F4xx_StdPeriph_Driver\src\stm32f4xx_dac.o
DAC_DMACmd                                        Libraries\STM32F4xx_StdPeriph_Driver\src\stm32f4xx_dac.o
DAC_DeInit                                        Libraries\STM32F4xx_StdPeriph_Driver\src\stm32f4xx_dac.o
DAC_DualSoftwareTriggerCmd                        Libraries\STM32F4xx_StdPeriph_Driver\src\stm32f4xx_dac.o
DAC_GetDataOutputValue                            Libraries\STM32F4xx_StdPeriph_Driver\src\stm32f4xx_dac.o
DAC_GetFlagStatus                                 Libraries\STM32F4xx_StdPeriph_Driver\src\stm32f4xx_dac.o
DAC_GetITStatus                                   Libraries\STM32F4xx_StdPeriph_Driver\src\stm32f4xx_dac.o
DAC_ITConfig                                      Libraries\STM32F4xx_StdPeriph_Driver\src\stm32f4xx_dac.o
DAC_Init                                          Libraries\STM32F4xx_StdPeriph_Driver\src\stm32f4xx_dac.o
DAC_SetChannel1Data                               Libraries\STM32F4xx_StdPeriph_Driver\src\stm32f4xx_dac.o
DAC_SetChannel2Data                               Libraries\STM32F4xx_StdPeriph_Driver\src\stm32f4xx_dac.o
DAC_SetDualChannelData                            Libraries\STM32F4xx_StdPeriph_Driver\src\stm32f4xx_dac.o
DAC_SoftwareTriggerCmd                            Libraries\STM32F4xx_StdPeriph_Driver\src\stm32f4xx_dac.o
DAC_StructInit                                    Libraries\STM32F4xx_StdPeriph_Driver\src\stm32f4xx_dac.o
DAC_WaveGenerationCmd                             Libraries\STM32F4xx_StdPeriph_Driver\src\stm32f4xx_dac.o
DBGMCU_APB1PeriphConfig                           Libraries\STM32F4xx_StdPeriph_Driver\src\stm32f4xx_dbgmcu.o
DBGMCU_APB2PeriphConfig                           Libraries\STM32F4xx_StdPeriph_Driver\src\stm32f4xx_dbgmcu.o
DBGMCU_Config                                     Libraries\STM32F4xx_StdPeriph_Driver\src\stm32f4xx_dbgmcu.o
DBGMCU_GetDEVID                                   Libraries\STM32F4xx_StdPeriph_Driver\src\stm32f4xx_dbgmcu.o
DBGMCU_GetREVID                                   Libraries\STM32F4xx_StdPeriph_Driver\src\stm32f4xx_dbgmcu.o
DCMI_CROPCmd                                      Libraries\STM32F4xx_StdPeriph_Driver\src\stm32f4xx_dcmi.o
DCMI_CROPConfig                                   Libraries\STM32F4xx_StdPeriph_Driver\src\stm32f4xx_dcmi.o
DCMI_CaptureCmd                                   Libraries\STM32F4xx_StdPeriph_Driver\src\stm32f4xx_dcmi.o
DCMI_ClearFlag                                    Libraries\STM32F4xx_StdPeriph_Driver\src\stm32f4xx_dcmi.o
DCMI_ClearITPendingBit                            Libraries\STM32F4xx_StdPeriph_Driver\src\stm32f4xx_dcmi.o
DCMI_Cmd                                          Libraries\STM32F4xx_StdPeriph_Driver\src\stm32f4xx_dcmi.o
DCMI_DeInit                                       Libraries\STM32F4xx_StdPeriph_Driver\src\stm32f4xx_dcmi.o
DCMI_GetFlagStatus                                Libraries\STM32F4xx_StdPeriph_Driver\src\stm32f4xx_dcmi.o
DCMI_GetITStatus                                  Libraries\STM32F4xx_StdPeriph_Driver\src\stm32f4xx_dcmi.o
DCMI_IRQHandler                                   src\startup_stm32f40xx.o
DCMI_ITConfig                                     Libraries\STM32F4xx_StdPeriph_Driver\src\stm32f4xx_dcmi.o
DCMI_Init                                         Libraries\STM32F4xx_StdPeriph_Driver\src\stm32f4xx_dcmi.o
DCMI_JPEGCmd                                      Libraries\STM32F4xx_StdPeriph_Driver\src\stm32f4xx_dcmi.o
DCMI_ReadData                                     Libraries\STM32F4xx_StdPeriph_Driver\src\stm32f4xx_dcmi.o
DCMI_SetEmbeddedSynchroCodes                      Libraries\STM32F4xx_StdPeriph_Driver\src\stm32f4xx_dcmi.o
DCMI_StructInit                                   Libraries\STM32F4xx_StdPeriph_Driver\src\stm32f4xx_dcmi.o
DMA1_Stream0_IRQHandler                           src\startup_stm32f40xx.o
DMA1_Stream1_IRQHandler                           src\startup_stm32f40xx.o
DMA1_Stream2_IRQHandler                           src\startup_stm32f40xx.o
DMA1_Stream3_IRQHandler                           src\startup_stm32f40xx.o
DMA1_Stream4_IRQHandler                           src\startup_stm32f40xx.o
DMA1_Stream5_IRQHandler                           src\startup_stm32f40xx.o
DMA1_Stream6_IRQHandler                           src\startup_stm32f40xx.o
DMA1_Stream7_IRQHandler                           src\startup_stm32f40xx.o
DMA2_Stream0_IRQHandler                           src\startup_stm32f40xx.o
DMA2_Stream1_IRQHandler                           src\startup_stm32f40xx.o
DMA2_Stream2_IRQHandler                           src\startup_stm32f40xx.o
DMA2_Stream3_IRQHandler                           src\startup_stm32f40xx.o
DMA2_Stream4_IRQHandler                           src\startup_stm32f40xx.o
DMA2_Stream5_IRQHandler                           src\startup_stm32f40xx.o
DMA2_Stream6_IRQHandler                           src\startup_stm32f40xx.o
DMA2_Stream7_IRQHandler                           src\startup_stm32f40xx.o
DMA_ClearFlag                                     Libraries\STM32F4xx_StdPeriph_Driver\src\stm32f4xx_dma.o
DMA_ClearITPendingBit                             Libraries\STM32F4xx_StdPeriph_Driver\src\stm32f4xx_dma.o
DMA_Cmd                                           Libraries\STM32F4xx_StdPeriph_Driver\src\stm32f4xx_dma.o
DMA_DeInit                                        Libraries\STM32F4xx_StdPeriph_Driver\src\stm32f4xx_dma.o
DMA_DoubleBufferModeCmd                           Libraries\STM32F4xx_StdPeriph_Driver\src\stm32f4xx_dma.o
DMA_DoubleBufferModeConfig                        Libraries\STM32F4xx_StdPeriph_Driver\src\stm32f4xx_dma.o
DMA_FlowControllerConfig                          Libraries\STM32F4xx_StdPeriph_Driver\src\stm32f4xx_dma.o
DMA_GetCmdStatus                                  Libraries\STM32F4xx_StdPeriph_Driver\src\stm32f4xx_dma.o
DMA_GetCurrDataCounter                            Libraries\STM32F4xx_StdPeriph_Driver\src\stm32f4xx_dma.o
DMA_GetCurrentMemoryTarget                        Libraries\STM32F4xx_StdPeriph_Driver\src\stm32f4xx_dma.o
DMA_GetFIFOStatus                                 Libraries\STM32F4xx_StdPeriph_Driver\src\stm32f4xx_dma.o
DMA_GetFlagStatus                                 Libraries\STM32F4xx_StdPeriph_Driver\src\stm32f4xx_dma.o
DMA_GetITStatus                                   Libraries\STM32F4xx_StdPeriph_Driver\src\stm32f4xx_dma.o
DMA_ITConfig                                      Libraries\STM32F4xx_StdPeriph_Driver\src\stm32f4xx_dma.o
DMA_Init                                          Libraries\STM32F4xx_StdPeriph_Driver\src\stm32f4xx_dma.o
DMA_MemoryTargetConfig                            Libraries\STM32F4xx_StdPeriph_Driver\src\stm32f4xx_dma.o
DMA_PeriphIncOffsetSizeConfig                     Libraries\STM32F4xx_StdPeriph_Driver\src\stm32f4xx_dma.o
DMA_SetCurrDataCounter                            Libraries\STM32F4xx_StdPeriph_Driver\src\stm32f4xx_dma.o
DMA_StructInit                                    Libraries\STM32F4xx_StdPeriph_Driver\src\stm32f4xx_dma.o
DebugMon_Handler                                  src\stm32f4xx_it.o
                                                  src\startup_stm32f40xx.o
Default_Handler                                   src\startup_stm32f40xx.o
ETH_IRQHandler                                    src\startup_stm32f40xx.o
ETH_WKUP_IRQHandler                               src\startup_stm32f40xx.o
EXTI0_IRQHandler                                  src\startup_stm32f40xx.o
EXTI15_10_IRQHandler                              src\startup_stm32f40xx.o
EXTI1_IRQHandler                                  src\startup_stm32f40xx.o
EXTI2_IRQHandler                                  src\startup_stm32f40xx.o
EXTI3_IRQHandler                                  src\startup_stm32f40xx.o
EXTI4_IRQHandler                                  src\startup_stm32f40xx.o
EXTI9_5_IRQHandler                                src\startup_stm32f40xx.o
EXTI_ClearFlag                                    Libraries\STM32F4xx_StdPeriph_Driver\src\stm32f4xx_exti.o
EXTI_ClearITPendingBit                            Libraries\STM32F4xx_StdPeriph_Driver\src\stm32f4xx_exti.o
EXTI_DeInit                                       Libraries\STM32F4xx_StdPeriph_Driver\src\stm32f4xx_exti.o
EXTI_GenerateSWInterrupt                          Libraries\STM32F4xx_StdPeriph_Driver\src\stm32f4xx_exti.o
EXTI_GetFlagStatus                                Libraries\STM32F4xx_StdPeriph_Driver\src\stm32f4xx_exti.o
EXTI_GetITStatus                                  Libraries\STM32F4xx_StdPeriph_Driver\src\stm32f4xx_exti.o
EXTI_Init                                         Libraries\STM32F4xx_StdPeriph_Driver\src\stm32f4xx_exti.o
EXTI_StructInit                                   Libraries\STM32F4xx_StdPeriph_Driver\src\stm32f4xx_exti.o
FLASH_ClearFlag                                   Libraries\STM32F4xx_StdPeriph_Driver\src\stm32f4xx_flash.o
FLASH_DataCacheCmd                                Libraries\STM32F4xx_StdPeriph_Driver\src\stm32f4xx_flash.o
FLASH_DataCacheReset                              Libraries\STM32F4xx_StdPeriph_Driver\src\stm32f4xx_flash.o
FLASH_EraseAllSectors                             Libraries\STM32F4xx_StdPeriph_Driver\src\stm32f4xx_flash.o
FLASH_EraseSector                                 Libraries\STM32F4xx_StdPeriph_Driver\src\stm32f4xx_flash.o
FLASH_GetFlagStatus                               Libraries\STM32F4xx_StdPeriph_Driver\src\stm32f4xx_flash.o
FLASH_GetStatus                                   Libraries\STM32F4xx_StdPeriph_Driver\src\stm32f4xx_flash.o
FLASH_IRQHandler                                  src\startup_stm32f40xx.o
FLASH_ITConfig                                    Libraries\STM32F4xx_StdPeriph_Driver\src\stm32f4xx_flash.o
FLASH_InstructionCacheCmd                         Libraries\STM32F4xx_StdPeriph_Driver\src\stm32f4xx_flash.o
FLASH_InstructionCacheReset                       Libraries\STM32F4xx_StdPeriph_Driver\src\stm32f4xx_flash.o
FLASH_Lock                                        Libraries\STM32F4xx_StdPeriph_Driver\src\stm32f4xx_flash.o
FLASH_OB_BORConfig                                Libraries\STM32F4xx_StdPeriph_Driver\src\stm32f4xx_flash.o
FLASH_OB_GetBOR                                   Libraries\STM32F4xx_StdPeriph_Driver\src\stm32f4xx_flash.o
FLASH_OB_GetRDP                                   Libraries\STM32F4xx_StdPeriph_Driver\src\stm32f4xx_flash.o
FLASH_OB_GetUser                                  Libraries\STM32F4xx_StdPeriph_Driver\src\stm32f4xx_flash.o
FLASH_OB_GetWRP                                   Libraries\STM32F4xx_StdPeriph_Driver\src\stm32f4xx_flash.o
FLASH_OB_GetWRP1                                  Libraries\STM32F4xx_StdPeriph_Driver\src\stm32f4xx_flash.o
FLASH_OB_Launch                                   Libraries\STM32F4xx_StdPeriph_Driver\src\stm32f4xx_flash.o
FLASH_OB_Lock                                     Libraries\STM32F4xx_StdPeriph_Driver\src\stm32f4xx_flash.o
FLASH_OB_RDPConfig                                Libraries\STM32F4xx_StdPeriph_Driver\src\stm32f4xx_flash.o
FLASH_OB_Unlock                                   Libraries\STM32F4xx_StdPeriph_Driver\src\stm32f4xx_flash.o
FLASH_OB_UserConfig                               Libraries\STM32F4xx_StdPeriph_Driver\src\stm32f4xx_flash.o
FLASH_OB_WRP1Config                               Libraries\STM32F4xx_StdPeriph_Driver\src\stm32f4xx_flash.o
FLASH_OB_WRPConfig                                Libraries\STM32F4xx_StdPeriph_Driver\src\stm32f4xx_flash.o
FLASH_PrefetchBufferCmd                           Libraries\STM32F4xx_StdPeriph_Driver\src\stm32f4xx_flash.o
FLASH_ProgramByte                                 Libraries\STM32F4xx_StdPeriph_Driver\src\stm32f4xx_flash.o
FLASH_ProgramDoubleWord                           Libraries\STM32F4xx_StdPeriph_Driver\src\stm32f4xx_flash.o
FLASH_ProgramHalfWord                             Libraries\STM32F4xx_StdPeriph_Driver\src\stm32f4xx_flash.o
FLASH_ProgramWord                                 Libraries\STM32F4xx_StdPeriph_Driver\src\stm32f4xx_flash.o
FLASH_SetLatency                                  Libraries\STM32F4xx_StdPeriph_Driver\src\stm32f4xx_flash.o
FLASH_Unlock                                      Libraries\STM32F4xx_StdPeriph_Driver\src\stm32f4xx_flash.o
FLASH_WaitForLastOperation                        Libraries\STM32F4xx_StdPeriph_Driver\src\stm32f4xx_flash.o
FPU_IRQHandler                                    src\startup_stm32f40xx.o
FSMC_ClearFlag                                    Libraries\STM32F4xx_StdPeriph_Driver\src\stm32f4xx_fsmc.o
FSMC_ClearITPendingBit                            Libraries\STM32F4xx_StdPeriph_Driver\src\stm32f4xx_fsmc.o
FSMC_GetECC                                       Libraries\STM32F4xx_StdPeriph_Driver\src\stm32f4xx_fsmc.o
FSMC_GetFlagStatus                                Libraries\STM32F4xx_StdPeriph_Driver\src\stm32f4xx_fsmc.o
FSMC_GetITStatus                                  Libraries\STM32F4xx_StdPeriph_Driver\src\stm32f4xx_fsmc.o
FSMC_IRQHandler                                   src\startup_stm32f40xx.o
FSMC_ITConfig                                     Libraries\STM32F4xx_StdPeriph_Driver\src\stm32f4xx_fsmc.o
FSMC_NANDCmd                                      Libraries\STM32F4xx_StdPeriph_Driver\src\stm32f4xx_fsmc.o
FSMC_NANDDeInit                                   Libraries\STM32F4xx_StdPeriph_Driver\src\stm32f4xx_fsmc.o
FSMC_NANDECCCmd                                   Libraries\STM32F4xx_StdPeriph_Driver\src\stm32f4xx_fsmc.o
FSMC_NANDInit                                     Libraries\STM32F4xx_StdPeriph_Driver\src\stm32f4xx_fsmc.o
FSMC_NANDStructInit                               Libraries\STM32F4xx_StdPeriph_Driver\src\stm32f4xx_fsmc.o
FSMC_NORSRAMCmd                                   Libraries\STM32F4xx_StdPeriph_Driver\src\stm32f4xx_fsmc.o
FSMC_NORSRAMDeInit                                Libraries\STM32F4xx_StdPeriph_Driver\src\stm32f4xx_fsmc.o